-- The C compiler identification is GNU 11.4.0
-- The CXX compiler identification is GNU 11.4.0
-- Detecting C compiler ABI info
-- Detecting C compiler ABI info - done
-- Check for working C compiler: /usr/bin/cc - skipped
-- Detecting C compile features
-- Detecting C compile features - done
-- Detecting CXX compiler ABI info
-- Detecting CXX compiler ABI info - done
-- Check for working CXX compiler: /usr/bin/c++ - skipped
-- Detecting CXX compile features
-- Detecting CXX compile features - done
-- Found ament_cmake: 1.3.14 (/opt/ros/humble/share/ament_cmake/cmake)
-- Found Python3: /usr/bin/python3 (found version "3.10.12") found components: Interpreter 
-- Found rclcpp: 16.0.19 (/opt/ros/humble/share/rclcpp/cmake)
-- Found rosidl_generator_c: 3.1.8 (/opt/ros/humble/share/rosidl_generator_c/cmake)
-- Found rosidl_adapter: 3.1.8 (/opt/ros/humble/share/rosidl_adapter/cmake)
-- Found rosidl_generator_cpp: 3.1.8 (/opt/ros/humble/share/rosidl_generator_cpp/cmake)
-- Using all available rosidl_typesupport_c: rosidl_typesupport_fastrtps_c;rosidl_typesupport_introspection_c
-- Using all available rosidl_typesupport_cpp: rosidl_typesupport_fastrtps_cpp;rosidl_typesupport_introspection_cpp
-- Found rmw_implementation_cmake: 6.1.2 (/opt/ros/humble/share/rmw_implementation_cmake/cmake)
-- Found rmw_cyclonedds_cpp: 1.3.4 (/root/unitree_ros2/cyclonedds_ws/install/rmw_cyclonedds_cpp/share/rmw_cyclonedds_cpp/cmake)
-- Using RMW implementation 'rmw_cyclonedds_cpp' as default
-- Looking for pthread.h
-- Looking for pthread.h - found
-- Performing Test CMAKE_HAVE_LIBC_PTHREAD
-- Performing Test CMAKE_HAVE_LIBC_PTHREAD - Success
-- Found Threads: TRUE  
-- Found rosidl_default_generators: 1.2.1 (/opt/ros/humble/share/rosidl_default_generators/cmake)
-- Found ament_cmake_ros: 0.10.0 (/opt/ros/humble/share/ament_cmake_ros/cmake)
-- Using all available rosidl_typesupport_c: rosidl_typesupport_fastrtps_c;rosidl_typesupport_introspection_c
-- Using all available rosidl_typesupport_cpp: rosidl_typesupport_fastrtps_cpp;rosidl_typesupport_introspection_cpp
-- Found PythonInterp: /usr/bin/python3 (found suitable version "3.10.12", minimum required is "3.6") 
-- Found python_cmake_module: 0.10.0 (/opt/ros/humble/share/python_cmake_module/cmake)
-- Found PythonLibs: /usr/lib/aarch64-linux-gnu/libpython3.10.so (found suitable version "3.10.12", minimum required is "3.5") 
-- Using PYTHON_EXECUTABLE: /usr/bin/python3
-- Using PYTHON_INCLUDE_DIRS: /usr/include/python3.10
-- Using PYTHON_LIBRARIES: /usr/lib/aarch64-linux-gnu/libpython3.10.so
-- Found PythonExtra: .so  
-- Configuring done
-- Generating done
-- Build files have been written to: /root/go2_follow/build/uwb_aoa_pkg
[  2%] [34m[1mGenerating C code for ROS interfaces[0m
[ 11%] [34m[1mGenerating C++ code for ROS interfaces[0m
[ 11%] [34m[1mGenerating Rust code for ROS interfaces[0m
[ 11%] [32mBuilding C object CMakeFiles/uart_stack.dir/src/uart_stack.c.o[0m
[ 11%] Built target ament_cmake_python_copy_uwb_aoa_pkg
[ 13%] [32m[1mLinking C static library libuart_stack.a[0m
[ 13%] Built target uart_stack
[ 13%] Built target uwb_aoa_pkg__rs
running egg_info
creating uwb_aoa_pkg.egg-info
writing uwb_aoa_pkg.egg-info/PKG-INFO
writing dependency_links to uwb_aoa_pkg.egg-info/dependency_links.txt
writing top-level names to uwb_aoa_pkg.egg-info/top_level.txt
writing manifest file 'uwb_aoa_pkg.egg-info/SOURCES.txt'
[ 13%] Built target uwb_aoa_pkg__cpp
reading manifest file 'uwb_aoa_pkg.egg-info/SOURCES.txt'
writing manifest file 'uwb_aoa_pkg.egg-info/SOURCES.txt'
[ 22%] [34m[1mGenerating C++ introspection for ROS interfaces[0m
[ 22%] [34m[1mGenerating C++ type support dispatch for ROS interfaces[0m
[ 25%] [32mBuilding C object CMakeFiles/uwb_aoa_pkg__rosidl_generator_c.dir/rosidl_generator_c/uwb_aoa_pkg/msg/detail/lib_aoa_robot_msg__functions.c.o[0m
[ 22%] [34m[1mGenerating C++ type support for eProsima Fast-RTPS[0m
[ 25%] Built target ament_cmake_python_build_uwb_aoa_pkg_egg
[ 27%] [32m[1mLinking C shared library libuwb_aoa_pkg__rosidl_generator_c.so[0m
[ 27%] Built target uwb_aoa_pkg__rosidl_generator_c
[ 33%] [34m[1mGenerating C introspection for ROS interfaces[0m
[ 33%] [34m[1mGenerating C type support for eProsima Fast-RTPS[0m
[ 36%] [34m[1mGenerating C type support dispatch for ROS interfaces[0m
[ 38%] [32mBuilding CXX object CMakeFiles/uwb_aoa_pkg__rosidl_typesupport_cpp.dir/rosidl_typesupport_cpp/uwb_aoa_pkg/msg/lib_aoa_robot_msg__type_support.cpp.o[0m
[ 41%] [32mBuilding CXX object CMakeFiles/uwb_aoa_pkg__rosidl_typesupport_introspection_cpp.dir/rosidl_typesupport_introspection_cpp/uwb_aoa_pkg/msg/detail/lib_aoa_robot_msg__type_support.cpp.o[0m
[ 44%] [32mBuilding CXX object CMakeFiles/uwb_aoa_pkg__rosidl_typesupport_fastrtps_cpp.dir/rosidl_typesupport_fastrtps_cpp/uwb_aoa_pkg/msg/detail/dds_fastrtps/lib_aoa_robot_msg__type_support.cpp.o[0m
[ 47%] [32mBuilding CXX object CMakeFiles/uwb_aoa_pkg__rosidl_typesupport_c.dir/rosidl_typesupport_c/uwb_aoa_pkg/msg/lib_aoa_robot_msg__type_support.cpp.o[0m
[ 50%] [32mBuilding C object CMakeFiles/uwb_aoa_pkg__rosidl_typesupport_introspection_c.dir/rosidl_typesupport_introspection_c/uwb_aoa_pkg/msg/detail/lib_aoa_robot_msg__type_support.c.o[0m
[ 52%] [32mBuilding CXX object CMakeFiles/uwb_aoa_pkg__rosidl_typesupport_fastrtps_c.dir/rosidl_typesupport_fastrtps_c/uwb_aoa_pkg/msg/detail/lib_aoa_robot_msg__type_support_c.cpp.o[0m
[ 55%] [32m[1mLinking CXX shared library libuwb_aoa_pkg__rosidl_typesupport_c.so[0m
[ 58%] [32m[1mLinking C shared library libuwb_aoa_pkg__rosidl_typesupport_introspection_c.so[0m
[ 58%] Built target uwb_aoa_pkg__rosidl_typesupport_c
[ 58%] Built target uwb_aoa_pkg__rosidl_typesupport_introspection_c
[ 61%] [32m[1mLinking CXX shared library libuwb_aoa_pkg__rosidl_typesupport_cpp.so[0m
[ 61%] Built target uwb_aoa_pkg__rosidl_typesupport_cpp
[ 63%] [32m[1mLinking CXX shared library libuwb_aoa_pkg__rosidl_typesupport_introspection_cpp.so[0m
[ 66%] [32m[1mLinking CXX shared library libuwb_aoa_pkg__rosidl_typesupport_fastrtps_cpp.so[0m
[ 69%] [32m[1mLinking CXX shared library libuwb_aoa_pkg__rosidl_typesupport_fastrtps_c.so[0m
[ 69%] Built target uwb_aoa_pkg__rosidl_typesupport_introspection_cpp
[ 69%] Built target uwb_aoa_pkg__rosidl_typesupport_fastrtps_cpp
[ 69%] Built target uwb_aoa_pkg__rosidl_typesupport_fastrtps_c
[ 69%] Built target uwb_aoa_pkg
[ 72%] [32mBuilding CXX object CMakeFiles/libAoa_robot_example.dir/src/libAoa_robot_example.cpp.o[0m
[ 75%] [34m[1mGenerating Python code for ROS interfaces[0m
[ 75%] Built target uwb_aoa_pkg__py
[ 77%] [32mBuilding C object CMakeFiles/uwb_aoa_pkg__rosidl_generator_py.dir/rosidl_generator_py/uwb_aoa_pkg/msg/_lib_aoa_robot_msg_s.c.o[0m
[ 80%] [32m[1mLinking C shared library rosidl_generator_py/uwb_aoa_pkg/libuwb_aoa_pkg__rosidl_generator_py.so[0m
[ 80%] Built target uwb_aoa_pkg__rosidl_generator_py
[ 83%] [32mBuilding C object CMakeFiles/uwb_aoa_pkg__rosidl_typesupport_c__pyext.dir/rosidl_generator_py/uwb_aoa_pkg/_uwb_aoa_pkg_s.ep.rosidl_typesupport_c.c.o[0m
[ 86%] [32mBuilding C object CMakeFiles/uwb_aoa_pkg__rosidl_typesupport_fastrtps_c__pyext.dir/rosidl_generator_py/uwb_aoa_pkg/_uwb_aoa_pkg_s.ep.rosidl_typesupport_fastrtps_c.c.o[0m
[ 88%] [32mBuilding C object CMakeFiles/uwb_aoa_pkg__rosidl_typesupport_introspection_c__pyext.dir/rosidl_generator_py/uwb_aoa_pkg/_uwb_aoa_pkg_s.ep.rosidl_typesupport_introspection_c.c.o[0m
[ 94%] [32m[1mLinking C shared library rosidl_generator_py/uwb_aoa_pkg/uwb_aoa_pkg_s__rosidl_typesupport_fastrtps_c.cpython-310-aarch64-linux-gnu.so[0m
[ 94%] [32m[1mLinking C shared library rosidl_generator_py/uwb_aoa_pkg/uwb_aoa_pkg_s__rosidl_typesupport_c.cpython-310-aarch64-linux-gnu.so[0m
[ 97%] [32m[1mLinking C shared library rosidl_generator_py/uwb_aoa_pkg/uwb_aoa_pkg_s__rosidl_typesupport_introspection_c.cpython-310-aarch64-linux-gnu.so[0m
[ 97%] Built target uwb_aoa_pkg__rosidl_typesupport_c__pyext
[ 97%] Built target uwb_aoa_pkg__rosidl_typesupport_fastrtps_c__pyext
[ 97%] Built target uwb_aoa_pkg__rosidl_typesupport_introspection_c__pyext
[100%] [32m[1mLinking CXX executable libAoa_robot_example[0m
[100%] Built target libAoa_robot_example
-- Install configuration: ""
-- Installing: /root/go2_follow/install/uwb_aoa_pkg/share/ament_index/resource_index/rosidl_interfaces/uwb_aoa_pkg
-- Installing: /root/go2_follow/install/uwb_aoa_pkg/include/uwb_aoa_pkg/uwb_aoa_pkg
-- Installing: /root/go2_follow/install/uwb_aoa_pkg/include/uwb_aoa_pkg/uwb_aoa_pkg/msg
-- Installing: /root/go2_follow/install/uwb_aoa_pkg/include/uwb_aoa_pkg/uwb_aoa_pkg/msg/rosidl_generator_c__visibility_control.h
-- Installing: /root/go2_follow/install/uwb_aoa_pkg/include/uwb_aoa_pkg/uwb_aoa_pkg/msg/lib_aoa_robot_msg.h
-- Installing: /root/go2_follow/install/uwb_aoa_pkg/include/uwb_aoa_pkg/uwb_aoa_pkg/msg/detail
-- Installing: /root/go2_follow/install/uwb_aoa_pkg/include/uwb_aoa_pkg/uwb_aoa_pkg/msg/detail/lib_aoa_robot_msg__functions.c
-- Installing: /root/go2_follow/install/uwb_aoa_pkg/include/uwb_aoa_pkg/uwb_aoa_pkg/msg/detail/lib_aoa_robot_msg__struct.h
-- Installing: /root/go2_follow/install/uwb_aoa_pkg/include/uwb_aoa_pkg/uwb_aoa_pkg/msg/detail/lib_aoa_robot_msg__functions.h
-- Installing: /root/go2_follow/install/uwb_aoa_pkg/include/uwb_aoa_pkg/uwb_aoa_pkg/msg/detail/lib_aoa_robot_msg__type_support.h
-- Installing: /root/go2_follow/install/uwb_aoa_pkg/share/uwb_aoa_pkg/environment/library_path.sh
-- Installing: /root/go2_follow/install/uwb_aoa_pkg/share/uwb_aoa_pkg/environment/library_path.dsv
-- Installing: /root/go2_follow/install/uwb_aoa_pkg/lib/libuwb_aoa_pkg__rosidl_generator_c.so
-- Set runtime path of "/root/go2_follow/install/uwb_aoa_pkg/lib/libuwb_aoa_pkg__rosidl_generator_c.so" to ""
-- Up-to-date: /root/go2_follow/install/uwb_aoa_pkg/include/uwb_aoa_pkg/uwb_aoa_pkg
-- Up-to-date: /root/go2_follow/install/uwb_aoa_pkg/include/uwb_aoa_pkg/uwb_aoa_pkg/msg
-- Installing: /root/go2_follow/install/uwb_aoa_pkg/include/uwb_aoa_pkg/uwb_aoa_pkg/msg/rosidl_typesupport_fastrtps_c__visibility_control.h
-- Up-to-date: /root/go2_follow/install/uwb_aoa_pkg/include/uwb_aoa_pkg/uwb_aoa_pkg/msg/detail
-- Installing: /root/go2_follow/install/uwb_aoa_pkg/include/uwb_aoa_pkg/uwb_aoa_pkg/msg/detail/lib_aoa_robot_msg__rosidl_typesupport_fastrtps_c.h
-- Installing: /root/go2_follow/install/uwb_aoa_pkg/lib/libuwb_aoa_pkg__rosidl_typesupport_fastrtps_c.so
-- Set runtime path of "/root/go2_follow/install/uwb_aoa_pkg/lib/libuwb_aoa_pkg__rosidl_typesupport_fastrtps_c.so" to ""
-- Up-to-date: /root/go2_follow/install/uwb_aoa_pkg/include/uwb_aoa_pkg/uwb_aoa_pkg
-- Up-to-date: /root/go2_follow/install/uwb_aoa_pkg/include/uwb_aoa_pkg/uwb_aoa_pkg/msg
-- Installing: /root/go2_follow/install/uwb_aoa_pkg/include/uwb_aoa_pkg/uwb_aoa_pkg/msg/lib_aoa_robot_msg.hpp
-- Up-to-date: /root/go2_follow/install/uwb_aoa_pkg/include/uwb_aoa_pkg/uwb_aoa_pkg/msg/detail
-- Installing: /root/go2_follow/install/uwb_aoa_pkg/include/uwb_aoa_pkg/uwb_aoa_pkg/msg/detail/lib_aoa_robot_msg__struct.hpp
-- Installing: /root/go2_follow/install/uwb_aoa_pkg/include/uwb_aoa_pkg/uwb_aoa_pkg/msg/detail/lib_aoa_robot_msg__traits.hpp
-- Installing: /root/go2_follow/install/uwb_aoa_pkg/include/uwb_aoa_pkg/uwb_aoa_pkg/msg/detail/lib_aoa_robot_msg__type_support.hpp
-- Installing: /root/go2_follow/install/uwb_aoa_pkg/include/uwb_aoa_pkg/uwb_aoa_pkg/msg/detail/lib_aoa_robot_msg__builder.hpp
-- Installing: /root/go2_follow/install/uwb_aoa_pkg/include/uwb_aoa_pkg/uwb_aoa_pkg/msg/rosidl_generator_cpp__visibility_control.hpp
-- Up-to-date: /root/go2_follow/install/uwb_aoa_pkg/include/uwb_aoa_pkg/uwb_aoa_pkg
-- Up-to-date: /root/go2_follow/install/uwb_aoa_pkg/include/uwb_aoa_pkg/uwb_aoa_pkg/msg
-- Installing: /root/go2_follow/install/uwb_aoa_pkg/include/uwb_aoa_pkg/uwb_aoa_pkg/msg/rosidl_typesupport_fastrtps_cpp__visibility_control.h
-- Up-to-date: /root/go2_follow/install/uwb_aoa_pkg/include/uwb_aoa_pkg/uwb_aoa_pkg/msg/detail
-- Installing: /root/go2_follow/install/uwb_aoa_pkg/include/uwb_aoa_pkg/uwb_aoa_pkg/msg/detail/lib_aoa_robot_msg__rosidl_typesupport_fastrtps_cpp.hpp
-- Installing: /root/go2_follow/install/uwb_aoa_pkg/include/uwb_aoa_pkg/uwb_aoa_pkg/msg/detail/dds_fastrtps
-- Installing: /root/go2_follow/install/uwb_aoa_pkg/lib/libuwb_aoa_pkg__rosidl_typesupport_fastrtps_cpp.so
-- Set runtime path of "/root/go2_follow/install/uwb_aoa_pkg/lib/libuwb_aoa_pkg__rosidl_typesupport_fastrtps_cpp.so" to ""
-- Up-to-date: /root/go2_follow/install/uwb_aoa_pkg/include/uwb_aoa_pkg/uwb_aoa_pkg
-- Up-to-date: /root/go2_follow/install/uwb_aoa_pkg/include/uwb_aoa_pkg/uwb_aoa_pkg/msg
-- Installing: /root/go2_follow/install/uwb_aoa_pkg/include/uwb_aoa_pkg/uwb_aoa_pkg/msg/rosidl_typesupport_introspection_c__visibility_control.h
-- Up-to-date: /root/go2_follow/install/uwb_aoa_pkg/include/uwb_aoa_pkg/uwb_aoa_pkg/msg/detail
-- Installing: /root/go2_follow/install/uwb_aoa_pkg/include/uwb_aoa_pkg/uwb_aoa_pkg/msg/detail/lib_aoa_robot_msg__type_support.c
-- Installing: /root/go2_follow/install/uwb_aoa_pkg/include/uwb_aoa_pkg/uwb_aoa_pkg/msg/detail/lib_aoa_robot_msg__rosidl_typesupport_introspection_c.h
-- Installing: /root/go2_follow/install/uwb_aoa_pkg/lib/libuwb_aoa_pkg__rosidl_typesupport_introspection_c.so
-- Set runtime path of "/root/go2_follow/install/uwb_aoa_pkg/lib/libuwb_aoa_pkg__rosidl_typesupport_introspection_c.so" to ""
-- Installing: /root/go2_follow/install/uwb_aoa_pkg/lib/libuwb_aoa_pkg__rosidl_typesupport_c.so
-- Set runtime path of "/root/go2_follow/install/uwb_aoa_pkg/lib/libuwb_aoa_pkg__rosidl_typesupport_c.so" to ""
-- Up-to-date: /root/go2_follow/install/uwb_aoa_pkg/include/uwb_aoa_pkg/uwb_aoa_pkg
-- Up-to-date: /root/go2_follow/install/uwb_aoa_pkg/include/uwb_aoa_pkg/uwb_aoa_pkg/msg
-- Up-to-date: /root/go2_follow/install/uwb_aoa_pkg/include/uwb_aoa_pkg/uwb_aoa_pkg/msg/detail
-- Installing: /root/go2_follow/install/uwb_aoa_pkg/include/uwb_aoa_pkg/uwb_aoa_pkg/msg/detail/lib_aoa_robot_msg__type_support.cpp
-- Installing: /root/go2_follow/install/uwb_aoa_pkg/include/uwb_aoa_pkg/uwb_aoa_pkg/msg/detail/lib_aoa_robot_msg__rosidl_typesupport_introspection_cpp.hpp
-- Installing: /root/go2_follow/install/uwb_aoa_pkg/lib/libuwb_aoa_pkg__rosidl_typesupport_introspection_cpp.so
-- Set runtime path of "/root/go2_follow/install/uwb_aoa_pkg/lib/libuwb_aoa_pkg__rosidl_typesupport_introspection_cpp.so" to ""
-- Installing: /root/go2_follow/install/uwb_aoa_pkg/lib/libuwb_aoa_pkg__rosidl_typesupport_cpp.so
-- Set runtime path of "/root/go2_follow/install/uwb_aoa_pkg/lib/libuwb_aoa_pkg__rosidl_typesupport_cpp.so" to ""
-- Installing: /root/go2_follow/install/uwb_aoa_pkg/share/uwb_aoa_pkg/environment/pythonpath.sh
-- Installing: /root/go2_follow/install/uwb_aoa_pkg/share/uwb_aoa_pkg/environment/pythonpath.dsv
-- Installing: /root/go2_follow/install/uwb_aoa_pkg/local/lib/python3.10/dist-packages/uwb_aoa_pkg-0.0.0-py3.10.egg-info
-- Installing: /root/go2_follow/install/uwb_aoa_pkg/local/lib/python3.10/dist-packages/uwb_aoa_pkg-0.0.0-py3.10.egg-info/dependency_links.txt
-- Installing: /root/go2_follow/install/uwb_aoa_pkg/local/lib/python3.10/dist-packages/uwb_aoa_pkg-0.0.0-py3.10.egg-info/top_level.txt
-- Installing: /root/go2_follow/install/uwb_aoa_pkg/local/lib/python3.10/dist-packages/uwb_aoa_pkg-0.0.0-py3.10.egg-info/PKG-INFO
-- Installing: /root/go2_follow/install/uwb_aoa_pkg/local/lib/python3.10/dist-packages/uwb_aoa_pkg-0.0.0-py3.10.egg-info/SOURCES.txt
-- Installing: /root/go2_follow/install/uwb_aoa_pkg/local/lib/python3.10/dist-packages/uwb_aoa_pkg
-- Installing: /root/go2_follow/install/uwb_aoa_pkg/local/lib/python3.10/dist-packages/uwb_aoa_pkg/uwb_aoa_pkg_s__rosidl_typesupport_fastrtps_c.cpython-310-aarch64-linux-gnu.so
-- Installing: /root/go2_follow/install/uwb_aoa_pkg/local/lib/python3.10/dist-packages/uwb_aoa_pkg/_uwb_aoa_pkg_s.ep.rosidl_typesupport_introspection_c.c
-- Installing: /root/go2_follow/install/uwb_aoa_pkg/local/lib/python3.10/dist-packages/uwb_aoa_pkg/uwb_aoa_pkg_s__rosidl_typesupport_introspection_c.cpython-310-aarch64-linux-gnu.so
-- Installing: /root/go2_follow/install/uwb_aoa_pkg/local/lib/python3.10/dist-packages/uwb_aoa_pkg/_uwb_aoa_pkg_s.ep.rosidl_typesupport_fastrtps_c.c
-- Installing: /root/go2_follow/install/uwb_aoa_pkg/local/lib/python3.10/dist-packages/uwb_aoa_pkg/libuwb_aoa_pkg__rosidl_generator_py.so
-- Installing: /root/go2_follow/install/uwb_aoa_pkg/local/lib/python3.10/dist-packages/uwb_aoa_pkg/__init__.py
-- Installing: /root/go2_follow/install/uwb_aoa_pkg/local/lib/python3.10/dist-packages/uwb_aoa_pkg/_uwb_aoa_pkg_s.ep.rosidl_typesupport_c.c
-- Installing: /root/go2_follow/install/uwb_aoa_pkg/local/lib/python3.10/dist-packages/uwb_aoa_pkg/uwb_aoa_pkg_s__rosidl_typesupport_c.cpython-310-aarch64-linux-gnu.so
-- Installing: /root/go2_follow/install/uwb_aoa_pkg/local/lib/python3.10/dist-packages/uwb_aoa_pkg/msg
-- Installing: /root/go2_follow/install/uwb_aoa_pkg/local/lib/python3.10/dist-packages/uwb_aoa_pkg/msg/_lib_aoa_robot_msg.py
-- Installing: /root/go2_follow/install/uwb_aoa_pkg/local/lib/python3.10/dist-packages/uwb_aoa_pkg/msg/_lib_aoa_robot_msg_s.c
-- Installing: /root/go2_follow/install/uwb_aoa_pkg/local/lib/python3.10/dist-packages/uwb_aoa_pkg/msg/__init__.py
Listing '/root/go2_follow/install/uwb_aoa_pkg/local/lib/python3.10/dist-packages/uwb_aoa_pkg'...
Compiling '/root/go2_follow/install/uwb_aoa_pkg/local/lib/python3.10/dist-packages/uwb_aoa_pkg/__init__.py'...
Listing '/root/go2_follow/install/uwb_aoa_pkg/local/lib/python3.10/dist-packages/uwb_aoa_pkg/msg'...
Compiling '/root/go2_follow/install/uwb_aoa_pkg/local/lib/python3.10/dist-packages/uwb_aoa_pkg/msg/__init__.py'...
Compiling '/root/go2_follow/install/uwb_aoa_pkg/local/lib/python3.10/dist-packages/uwb_aoa_pkg/msg/_lib_aoa_robot_msg.py'...
-- Installing: /root/go2_follow/install/uwb_aoa_pkg/local/lib/python3.10/dist-packages/uwb_aoa_pkg/uwb_aoa_pkg_s__rosidl_typesupport_fastrtps_c.cpython-310-aarch64-linux-gnu.so
-- Set runtime path of "/root/go2_follow/install/uwb_aoa_pkg/local/lib/python3.10/dist-packages/uwb_aoa_pkg/uwb_aoa_pkg_s__rosidl_typesupport_fastrtps_c.cpython-310-aarch64-linux-gnu.so" to ""
-- Installing: /root/go2_follow/install/uwb_aoa_pkg/local/lib/python3.10/dist-packages/uwb_aoa_pkg/uwb_aoa_pkg_s__rosidl_typesupport_introspection_c.cpython-310-aarch64-linux-gnu.so
-- Set runtime path of "/root/go2_follow/install/uwb_aoa_pkg/local/lib/python3.10/dist-packages/uwb_aoa_pkg/uwb_aoa_pkg_s__rosidl_typesupport_introspection_c.cpython-310-aarch64-linux-gnu.so" to ""
-- Installing: /root/go2_follow/install/uwb_aoa_pkg/local/lib/python3.10/dist-packages/uwb_aoa_pkg/uwb_aoa_pkg_s__rosidl_typesupport_c.cpython-310-aarch64-linux-gnu.so
-- Set runtime path of "/root/go2_follow/install/uwb_aoa_pkg/local/lib/python3.10/dist-packages/uwb_aoa_pkg/uwb_aoa_pkg_s__rosidl_typesupport_c.cpython-310-aarch64-linux-gnu.so" to ""
-- Installing: /root/go2_follow/install/uwb_aoa_pkg/lib/libuwb_aoa_pkg__rosidl_generator_py.so
-- Set runtime path of "/root/go2_follow/install/uwb_aoa_pkg/lib/libuwb_aoa_pkg__rosidl_generator_py.so" to ""
-- Installing: /root/go2_follow/install/uwb_aoa_pkg/share/ament_index/resource_index/rust_packages/uwb_aoa_pkg
-- Installing: /root/go2_follow/install/uwb_aoa_pkg/share/uwb_aoa_pkg/rust
-- Installing: /root/go2_follow/install/uwb_aoa_pkg/share/uwb_aoa_pkg/rust/build.rs
-- Installing: /root/go2_follow/install/uwb_aoa_pkg/share/uwb_aoa_pkg/rust/src
-- Installing: /root/go2_follow/install/uwb_aoa_pkg/share/uwb_aoa_pkg/rust/src/msg.rs
-- Installing: /root/go2_follow/install/uwb_aoa_pkg/share/uwb_aoa_pkg/rust/src/lib.rs
-- Installing: /root/go2_follow/install/uwb_aoa_pkg/share/uwb_aoa_pkg/rust/src/msg
-- Installing: /root/go2_follow/install/uwb_aoa_pkg/share/uwb_aoa_pkg/rust/src/msg/rmw.rs
-- Installing: /root/go2_follow/install/uwb_aoa_pkg/share/uwb_aoa_pkg/rust/Cargo.toml
-- Installing: /root/go2_follow/install/uwb_aoa_pkg/share/uwb_aoa_pkg/msg/LibAoaRobotMsg.idl
-- Installing: /root/go2_follow/install/uwb_aoa_pkg/share/uwb_aoa_pkg/msg/LibAoaRobotMsg.msg
-- Installing: /root/go2_follow/install/uwb_aoa_pkg/lib/uwb_aoa_pkg/libAoa_robot_example
-- Set runtime path of "/root/go2_follow/install/uwb_aoa_pkg/lib/uwb_aoa_pkg/libAoa_robot_example" to ""
-- Installing: /root/go2_follow/install/uwb_aoa_pkg/share/ament_index/resource_index/package_run_dependencies/uwb_aoa_pkg
-- Installing: /root/go2_follow/install/uwb_aoa_pkg/share/ament_index/resource_index/parent_prefix_path/uwb_aoa_pkg
-- Installing: /root/go2_follow/install/uwb_aoa_pkg/share/uwb_aoa_pkg/environment/ament_prefix_path.sh
-- Installing: /root/go2_follow/install/uwb_aoa_pkg/share/uwb_aoa_pkg/environment/ament_prefix_path.dsv
-- Installing: /root/go2_follow/install/uwb_aoa_pkg/share/uwb_aoa_pkg/environment/path.sh
-- Installing: /root/go2_follow/install/uwb_aoa_pkg/share/uwb_aoa_pkg/environment/path.dsv
-- Installing: /root/go2_follow/install/uwb_aoa_pkg/share/uwb_aoa_pkg/local_setup.bash
-- Installing: /root/go2_follow/install/uwb_aoa_pkg/share/uwb_aoa_pkg/local_setup.sh
-- Installing: /root/go2_follow/install/uwb_aoa_pkg/share/uwb_aoa_pkg/local_setup.zsh
-- Installing: /root/go2_follow/install/uwb_aoa_pkg/share/uwb_aoa_pkg/local_setup.dsv
-- Installing: /root/go2_follow/install/uwb_aoa_pkg/share/uwb_aoa_pkg/package.dsv
-- Installing: /root/go2_follow/install/uwb_aoa_pkg/share/ament_index/resource_index/packages/uwb_aoa_pkg
-- Installing: /root/go2_follow/install/uwb_aoa_pkg/share/uwb_aoa_pkg/cmake/export_uwb_aoa_pkg__rosidl_generator_cExport.cmake
-- Installing: /root/go2_follow/install/uwb_aoa_pkg/share/uwb_aoa_pkg/cmake/export_uwb_aoa_pkg__rosidl_generator_cExport-noconfig.cmake
-- Installing: /root/go2_follow/install/uwb_aoa_pkg/share/uwb_aoa_pkg/cmake/export_uwb_aoa_pkg__rosidl_typesupport_fastrtps_cExport.cmake
-- Installing: /root/go2_follow/install/uwb_aoa_pkg/share/uwb_aoa_pkg/cmake/export_uwb_aoa_pkg__rosidl_typesupport_fastrtps_cExport-noconfig.cmake
-- Installing: /root/go2_follow/install/uwb_aoa_pkg/share/uwb_aoa_pkg/cmake/export_uwb_aoa_pkg__rosidl_generator_cppExport.cmake
-- Installing: /root/go2_follow/install/uwb_aoa_pkg/share/uwb_aoa_pkg/cmake/export_uwb_aoa_pkg__rosidl_typesupport_fastrtps_cppExport.cmake
-- Installing: /root/go2_follow/install/uwb_aoa_pkg/share/uwb_aoa_pkg/cmake/export_uwb_aoa_pkg__rosidl_typesupport_fastrtps_cppExport-noconfig.cmake
-- Installing: /root/go2_follow/install/uwb_aoa_pkg/share/uwb_aoa_pkg/cmake/uwb_aoa_pkg__rosidl_typesupport_introspection_cExport.cmake
-- Installing: /root/go2_follow/install/uwb_aoa_pkg/share/uwb_aoa_pkg/cmake/uwb_aoa_pkg__rosidl_typesupport_introspection_cExport-noconfig.cmake
-- Installing: /root/go2_follow/install/uwb_aoa_pkg/share/uwb_aoa_pkg/cmake/uwb_aoa_pkg__rosidl_typesupport_cExport.cmake
-- Installing: /root/go2_follow/install/uwb_aoa_pkg/share/uwb_aoa_pkg/cmake/uwb_aoa_pkg__rosidl_typesupport_cExport-noconfig.cmake
-- Installing: /root/go2_follow/install/uwb_aoa_pkg/share/uwb_aoa_pkg/cmake/uwb_aoa_pkg__rosidl_typesupport_introspection_cppExport.cmake
-- Installing: /root/go2_follow/install/uwb_aoa_pkg/share/uwb_aoa_pkg/cmake/uwb_aoa_pkg__rosidl_typesupport_introspection_cppExport-noconfig.cmake
-- Installing: /root/go2_follow/install/uwb_aoa_pkg/share/uwb_aoa_pkg/cmake/uwb_aoa_pkg__rosidl_typesupport_cppExport.cmake
-- Installing: /root/go2_follow/install/uwb_aoa_pkg/share/uwb_aoa_pkg/cmake/uwb_aoa_pkg__rosidl_typesupport_cppExport-noconfig.cmake
-- Installing: /root/go2_follow/install/uwb_aoa_pkg/share/uwb_aoa_pkg/cmake/export_uwb_aoa_pkg__rosidl_generator_pyExport.cmake
-- Installing: /root/go2_follow/install/uwb_aoa_pkg/share/uwb_aoa_pkg/cmake/export_uwb_aoa_pkg__rosidl_generator_pyExport-noconfig.cmake
-- Installing: /root/go2_follow/install/uwb_aoa_pkg/share/uwb_aoa_pkg/cmake/rosidl_cmake-extras.cmake
-- Installing: /root/go2_follow/install/uwb_aoa_pkg/share/uwb_aoa_pkg/cmake/ament_cmake_export_include_directories-extras.cmake
-- Installing: /root/go2_follow/install/uwb_aoa_pkg/share/uwb_aoa_pkg/cmake/ament_cmake_export_libraries-extras.cmake
-- Installing: /root/go2_follow/install/uwb_aoa_pkg/share/uwb_aoa_pkg/cmake/ament_cmake_export_targets-extras.cmake
-- Installing: /root/go2_follow/install/uwb_aoa_pkg/share/uwb_aoa_pkg/cmake/rosidl_cmake_export_typesupport_targets-extras.cmake
-- Installing: /root/go2_follow/install/uwb_aoa_pkg/share/uwb_aoa_pkg/cmake/ament_cmake_export_dependencies-extras.cmake
-- Installing: /root/go2_follow/install/uwb_aoa_pkg/share/uwb_aoa_pkg/cmake/rosidl_cmake_export_typesupport_libraries-extras.cmake
-- Installing: /root/go2_follow/install/uwb_aoa_pkg/share/uwb_aoa_pkg/cmake/uwb_aoa_pkgConfig.cmake
-- Installing: /root/go2_follow/install/uwb_aoa_pkg/share/uwb_aoa_pkg/cmake/uwb_aoa_pkgConfig-version.cmake
-- Installing: /root/go2_follow/install/uwb_aoa_pkg/share/uwb_aoa_pkg/package.xml
