/root/go2_follow/install/go2_dynamic_follow_avoidance/lib/python3.10/site-packages/go2_dynamic_follow_avoidance/ros_utils.py
/root/go2_follow/install/go2_dynamic_follow_avoidance/lib/python3.10/site-packages/go2_dynamic_follow_avoidance/local_path_planner.py
/root/go2_follow/install/go2_dynamic_follow_avoidance/lib/python3.10/site-packages/go2_dynamic_follow_avoidance/follow_goal_node.py
/root/go2_follow/install/go2_dynamic_follow_avoidance/lib/python3.10/site-packages/go2_dynamic_follow_avoidance/geometry.py
/root/go2_follow/install/go2_dynamic_follow_avoidance/lib/python3.10/site-packages/go2_dynamic_follow_avoidance/__init__.py
/root/go2_follow/install/go2_dynamic_follow_avoidance/lib/python3.10/site-packages/go2_dynamic_follow_avoidance/follow_path_action_client.py
/root/go2_follow/install/go2_dynamic_follow_avoidance/lib/python3.10/site-packages/go2_dynamic_follow_avoidance/safety_mux.py
/root/go2_follow/install/go2_dynamic_follow_avoidance/lib/python3.10/site-packages/go2_dynamic_follow_avoidance/grid_planner.py
/root/go2_follow/install/go2_dynamic_follow_avoidance/lib/python3.10/site-packages/go2_dynamic_follow_avoidance/__pycache__/ros_utils.cpython-310.pyc
/root/go2_follow/install/go2_dynamic_follow_avoidance/lib/python3.10/site-packages/go2_dynamic_follow_avoidance/__pycache__/local_path_planner.cpython-310.pyc
/root/go2_follow/install/go2_dynamic_follow_avoidance/lib/python3.10/site-packages/go2_dynamic_follow_avoidance/__pycache__/follow_goal_node.cpython-310.pyc
/root/go2_follow/install/go2_dynamic_follow_avoidance/lib/python3.10/site-packages/go2_dynamic_follow_avoidance/__pycache__/geometry.cpython-310.pyc
/root/go2_follow/install/go2_dynamic_follow_avoidance/lib/python3.10/site-packages/go2_dynamic_follow_avoidance/__pycache__/__init__.cpython-310.pyc
/root/go2_follow/install/go2_dynamic_follow_avoidance/lib/python3.10/site-packages/go2_dynamic_follow_avoidance/__pycache__/follow_path_action_client.cpython-310.pyc
/root/go2_follow/install/go2_dynamic_follow_avoidance/lib/python3.10/site-packages/go2_dynamic_follow_avoidance/__pycache__/safety_mux.cpython-310.pyc
/root/go2_follow/install/go2_dynamic_follow_avoidance/lib/python3.10/site-packages/go2_dynamic_follow_avoidance/__pycache__/grid_planner.cpython-310.pyc
/root/go2_follow/install/go2_dynamic_follow_avoidance/share/ament_index/resource_index/packages/go2_dynamic_follow_avoidance
/root/go2_follow/install/go2_dynamic_follow_avoidance/share/go2_dynamic_follow_avoidance/package.xml
/root/go2_follow/install/go2_dynamic_follow_avoidance/share/go2_dynamic_follow_avoidance/launch/dynamic_follow_avoidance.launch.py
/root/go2_follow/install/go2_dynamic_follow_avoidance/share/go2_dynamic_follow_avoidance/config/go2_dynamic_follow_avoidance.yaml
/root/go2_follow/install/go2_dynamic_follow_avoidance/share/go2_dynamic_follow_avoidance/config/nav2_mppi_controller.yaml
/root/go2_follow/install/go2_dynamic_follow_avoidance/lib/python3.10/site-packages/go2_dynamic_follow_avoidance-0.1.0-py3.10.egg-info/dependency_links.txt
/root/go2_follow/install/go2_dynamic_follow_avoidance/lib/python3.10/site-packages/go2_dynamic_follow_avoidance-0.1.0-py3.10.egg-info/top_level.txt
/root/go2_follow/install/go2_dynamic_follow_avoidance/lib/python3.10/site-packages/go2_dynamic_follow_avoidance-0.1.0-py3.10.egg-info/requires.txt
/root/go2_follow/install/go2_dynamic_follow_avoidance/lib/python3.10/site-packages/go2_dynamic_follow_avoidance-0.1.0-py3.10.egg-info/entry_points.txt
/root/go2_follow/install/go2_dynamic_follow_avoidance/lib/python3.10/site-packages/go2_dynamic_follow_avoidance-0.1.0-py3.10.egg-info/PKG-INFO
/root/go2_follow/install/go2_dynamic_follow_avoidance/lib/python3.10/site-packages/go2_dynamic_follow_avoidance-0.1.0-py3.10.egg-info/zip-safe
/root/go2_follow/install/go2_dynamic_follow_avoidance/lib/python3.10/site-packages/go2_dynamic_follow_avoidance-0.1.0-py3.10.egg-info/SOURCES.txt
/root/go2_follow/install/go2_dynamic_follow_avoidance/lib/go2_dynamic_follow_avoidance/follow_goal_node
/root/go2_follow/install/go2_dynamic_follow_avoidance/lib/go2_dynamic_follow_avoidance/follow_path_action_client
/root/go2_follow/install/go2_dynamic_follow_avoidance/lib/go2_dynamic_follow_avoidance/local_path_planner
/root/go2_follow/install/go2_dynamic_follow_avoidance/lib/go2_dynamic_follow_avoidance/safety_mux
