running egg_info
creating ../../build/go2_dynamic_follow_avoidance/go2_dynamic_follow_avoidance.egg-info
writing ../../build/go2_dynamic_follow_avoidance/go2_dynamic_follow_avoidance.egg-info/PKG-INFO
writing dependency_links to ../../build/go2_dynamic_follow_avoidance/go2_dynamic_follow_avoidance.egg-info/dependency_links.txt
writing entry points to ../../build/go2_dynamic_follow_avoidance/go2_dynamic_follow_avoidance.egg-info/entry_points.txt
writing requirements to ../../build/go2_dynamic_follow_avoidance/go2_dynamic_follow_avoidance.egg-info/requires.txt
writing top-level names to ../../build/go2_dynamic_follow_avoidance/go2_dynamic_follow_avoidance.egg-info/top_level.txt
writing manifest file '../../build/go2_dynamic_follow_avoidance/go2_dynamic_follow_avoidance.egg-info/SOURCES.txt'
reading manifest file '../../build/go2_dynamic_follow_avoidance/go2_dynamic_follow_avoidance.egg-info/SOURCES.txt'
writing manifest file '../../build/go2_dynamic_follow_avoidance/go2_dynamic_follow_avoidance.egg-info/SOURCES.txt'
running build
running build_py
creating /root/go2_follow/build/go2_dynamic_follow_avoidance/build
creating /root/go2_follow/build/go2_dynamic_follow_avoidance/build/lib
creating /root/go2_follow/build/go2_dynamic_follow_avoidance/build/lib/go2_dynamic_follow_avoidance
copying go2_dynamic_follow_avoidance/ros_utils.py -> /root/go2_follow/build/go2_dynamic_follow_avoidance/build/lib/go2_dynamic_follow_avoidance
copying go2_dynamic_follow_avoidance/local_path_planner.py -> /root/go2_follow/build/go2_dynamic_follow_avoidance/build/lib/go2_dynamic_follow_avoidance
copying go2_dynamic_follow_avoidance/follow_goal_node.py -> /root/go2_follow/build/go2_dynamic_follow_avoidance/build/lib/go2_dynamic_follow_avoidance
copying go2_dynamic_follow_avoidance/geometry.py -> /root/go2_follow/build/go2_dynamic_follow_avoidance/build/lib/go2_dynamic_follow_avoidance
copying go2_dynamic_follow_avoidance/__init__.py -> /root/go2_follow/build/go2_dynamic_follow_avoidance/build/lib/go2_dynamic_follow_avoidance
copying go2_dynamic_follow_avoidance/follow_path_action_client.py -> /root/go2_follow/build/go2_dynamic_follow_avoidance/build/lib/go2_dynamic_follow_avoidance
copying go2_dynamic_follow_avoidance/safety_mux.py -> /root/go2_follow/build/go2_dynamic_follow_avoidance/build/lib/go2_dynamic_follow_avoidance
copying go2_dynamic_follow_avoidance/grid_planner.py -> /root/go2_follow/build/go2_dynamic_follow_avoidance/build/lib/go2_dynamic_follow_avoidance
running install
running install_lib
creating /root/go2_follow/install/go2_dynamic_follow_avoidance/lib/python3.10/site-packages/go2_dynamic_follow_avoidance
copying /root/go2_follow/build/go2_dynamic_follow_avoidance/build/lib/go2_dynamic_follow_avoidance/ros_utils.py -> /root/go2_follow/install/go2_dynamic_follow_avoidance/lib/python3.10/site-packages/go2_dynamic_follow_avoidance
copying /root/go2_follow/build/go2_dynamic_follow_avoidance/build/lib/go2_dynamic_follow_avoidance/local_path_planner.py -> /root/go2_follow/install/go2_dynamic_follow_avoidance/lib/python3.10/site-packages/go2_dynamic_follow_avoidance
copying /root/go2_follow/build/go2_dynamic_follow_avoidance/build/lib/go2_dynamic_follow_avoidance/follow_goal_node.py -> /root/go2_follow/install/go2_dynamic_follow_avoidance/lib/python3.10/site-packages/go2_dynamic_follow_avoidance
copying /root/go2_follow/build/go2_dynamic_follow_avoidance/build/lib/go2_dynamic_follow_avoidance/geometry.py -> /root/go2_follow/install/go2_dynamic_follow_avoidance/lib/python3.10/site-packages/go2_dynamic_follow_avoidance
copying /root/go2_follow/build/go2_dynamic_follow_avoidance/build/lib/go2_dynamic_follow_avoidance/__init__.py -> /root/go2_follow/install/go2_dynamic_follow_avoidance/lib/python3.10/site-packages/go2_dynamic_follow_avoidance
copying /root/go2_follow/build/go2_dynamic_follow_avoidance/build/lib/go2_dynamic_follow_avoidance/follow_path_action_client.py -> /root/go2_follow/install/go2_dynamic_follow_avoidance/lib/python3.10/site-packages/go2_dynamic_follow_avoidance
copying /root/go2_follow/build/go2_dynamic_follow_avoidance/build/lib/go2_dynamic_follow_avoidance/safety_mux.py -> /root/go2_follow/install/go2_dynamic_follow_avoidance/lib/python3.10/site-packages/go2_dynamic_follow_avoidance
copying /root/go2_follow/build/go2_dynamic_follow_avoidance/build/lib/go2_dynamic_follow_avoidance/grid_planner.py -> /root/go2_follow/install/go2_dynamic_follow_avoidance/lib/python3.10/site-packages/go2_dynamic_follow_avoidance
byte-compiling /root/go2_follow/install/go2_dynamic_follow_avoidance/lib/python3.10/site-packages/go2_dynamic_follow_avoidance/ros_utils.py to ros_utils.cpython-310.pyc
byte-compiling /root/go2_follow/install/go2_dynamic_follow_avoidance/lib/python3.10/site-packages/go2_dynamic_follow_avoidance/local_path_planner.py to local_path_planner.cpython-310.pyc
byte-compiling /root/go2_follow/install/go2_dynamic_follow_avoidance/lib/python3.10/site-packages/go2_dynamic_follow_avoidance/follow_goal_node.py to follow_goal_node.cpython-310.pyc
byte-compiling /root/go2_follow/install/go2_dynamic_follow_avoidance/lib/python3.10/site-packages/go2_dynamic_follow_avoidance/geometry.py to geometry.cpython-310.pyc
byte-compiling /root/go2_follow/install/go2_dynamic_follow_avoidance/lib/python3.10/site-packages/go2_dynamic_follow_avoidance/__init__.py to __init__.cpython-310.pyc
byte-compiling /root/go2_follow/install/go2_dynamic_follow_avoidance/lib/python3.10/site-packages/go2_dynamic_follow_avoidance/follow_path_action_client.py to follow_path_action_client.cpython-310.pyc
byte-compiling /root/go2_follow/install/go2_dynamic_follow_avoidance/lib/python3.10/site-packages/go2_dynamic_follow_avoidance/safety_mux.py to safety_mux.cpython-310.pyc
byte-compiling /root/go2_follow/install/go2_dynamic_follow_avoidance/lib/python3.10/site-packages/go2_dynamic_follow_avoidance/grid_planner.py to grid_planner.cpython-310.pyc
running install_data
creating /root/go2_follow/install/go2_dynamic_follow_avoidance/share/ament_index
creating /root/go2_follow/install/go2_dynamic_follow_avoidance/share/ament_index/resource_index
creating /root/go2_follow/install/go2_dynamic_follow_avoidance/share/ament_index/resource_index/packages
copying resource/go2_dynamic_follow_avoidance -> /root/go2_follow/install/go2_dynamic_follow_avoidance/share/ament_index/resource_index/packages
copying package.xml -> /root/go2_follow/install/go2_dynamic_follow_avoidance/share/go2_dynamic_follow_avoidance
creating /root/go2_follow/install/go2_dynamic_follow_avoidance/share/go2_dynamic_follow_avoidance/launch
copying launch/dynamic_follow_avoidance.launch.py -> /root/go2_follow/install/go2_dynamic_follow_avoidance/share/go2_dynamic_follow_avoidance/launch
creating /root/go2_follow/install/go2_dynamic_follow_avoidance/share/go2_dynamic_follow_avoidance/config
copying config/go2_dynamic_follow_avoidance.yaml -> /root/go2_follow/install/go2_dynamic_follow_avoidance/share/go2_dynamic_follow_avoidance/config
copying config/nav2_mppi_controller.yaml -> /root/go2_follow/install/go2_dynamic_follow_avoidance/share/go2_dynamic_follow_avoidance/config
running install_egg_info
Copying ../../build/go2_dynamic_follow_avoidance/go2_dynamic_follow_avoidance.egg-info to /root/go2_follow/install/go2_dynamic_follow_avoidance/lib/python3.10/site-packages/go2_dynamic_follow_avoidance-0.1.0-py3.10.egg-info
running install_scripts
Installing follow_goal_node script to /root/go2_follow/install/go2_dynamic_follow_avoidance/lib/go2_dynamic_follow_avoidance
Installing follow_path_action_client script to /root/go2_follow/install/go2_dynamic_follow_avoidance/lib/go2_dynamic_follow_avoidance
Installing local_path_planner script to /root/go2_follow/install/go2_dynamic_follow_avoidance/lib/go2_dynamic_follow_avoidance
Installing safety_mux script to /root/go2_follow/install/go2_dynamic_follow_avoidance/lib/go2_dynamic_follow_avoidance
writing list of installed files to '/root/go2_follow/build/go2_dynamic_follow_avoidance/install.log'
