已安装：go2-follow；浏览器地址 http://localhost:8765
跟随演示已启动：http://127.0.0.1:8765
姿态就绪后先确认起始周围 1.2 m 净空，再开始跟随并让目标沿场景路线行走。
{
  "scenario": "open",
  "validation_mode": "nominal_following_acceptance",
  "passed_basic_checks": true,
  "stimulus_valid": true,
  "scenario_objective_met": true,
  "passed_fluency": false,
  "passed_navigation": false,
  "steady_actual_vx": 0.18830940997455814,
  "target_moving_mean_actual_vx": 0.23464199008861783,
  "final_distance_m": 11.153339645187248,
  "target_moving_robot_slow_ratio": 0.30711476582053393,
  "debug_reasons": [
    "流畅性未通过：moving_follow_distance_bounded",
    "流畅性未通过：slow_time_ratio_bounded",
    "流畅性未通过：longest_slow_spell_bounded",
    "流畅性未通过：steady_actual_speed",
    "流畅性未通过：steady_follow_distance_bounded",
    "最后导航状态：GOAL_UNOBSERVED；路径点数=3；地图模式=static_history；深度年龄=0.5400000000000063"
  ],
  "report_path": "/home/chy/go2_sim/artifacts/navigation-region-final-20261004-open.json",
  "samples_path": "/home/chy/go2_sim/artifacts/navigation-region-final-20261004-open-samples.json"
}
Go2 跟随实验台已关闭：HTTP、仿真、Nav2 MPPI 子进程均已退出。
跟随演示已启动：http://127.0.0.1:8765
姿态就绪后先确认起始周围 1.2 m 净空，再开始跟随并让目标沿场景路线行走。
{
  "scenario": "long_wall",
  "validation_mode": "nominal_following_acceptance",
  "passed_basic_checks": true,
  "stimulus_valid": true,
  "scenario_objective_met": true,
  "passed_fluency": false,
  "passed_navigation": false,
  "steady_actual_vx": 0.20790304709197543,
  "target_moving_mean_actual_vx": 0.17294813954181235,
  "final_distance_m": 2.083691522766675,
  "target_moving_robot_slow_ratio": 0.21308858739027892,
  "debug_reasons": [
    "流畅性未通过：moving_follow_distance_bounded",
    "流畅性未通过：slow_time_ratio_bounded",
    "流畅性未通过：moving_actual_speed",
    "最后导航状态：FOLLOW_DISTANCE；路径点数=2；地图模式=static_history；深度年龄=0.5"
  ],
  "report_path": "/home/chy/go2_sim/artifacts/navigation-region-final-20261004-long_wall.json",
  "samples_path": "/home/chy/go2_sim/artifacts/navigation-region-final-20261004-long_wall-samples.json"
}
Go2 跟随实验台已关闭：HTTP、仿真、Nav2 MPPI 子进程均已退出。
跟随演示已启动：http://127.0.0.1:8765
姿态就绪后先确认起始周围 1.2 m 净空，再开始跟随并让目标沿场景路线行走。
{
  "scenario": "consecutive",
  "validation_mode": "nominal_following_acceptance",
  "passed_basic_checks": true,
  "stimulus_valid": true,
  "scenario_objective_met": false,
  "passed_fluency": false,
  "passed_navigation": false,
  "steady_actual_vx": 0.059608429910846764,
  "target_moving_mean_actual_vx": 0.14158956974797812,
  "final_distance_m": 4.359562261813282,
  "target_moving_robot_slow_ratio": 0.5190886699507112,
  "debug_reasons": [
    "任务完成未通过：robot_fully_on_far_side",
    "任务完成未通过：final_follow_distance_reasonable",
    "流畅性未通过：moving_follow_distance_bounded",
    "流畅性未通过：slow_time_ratio_bounded",
    "流畅性未通过：longest_slow_spell_bounded",
    "流畅性未通过：moving_actual_speed",
    "最后导航状态：NO_PROGRESS；路径点数=0；地图模式=static_history；深度年龄=0.6400000000000006"
  ],
  "report_path": "/home/chy/go2_sim/artifacts/navigation-region-final-20261004-consecutive.json",
  "samples_path": "/home/chy/go2_sim/artifacts/navigation-region-final-20261004-consecutive-samples.json"
}
Go2 跟随实验台已关闭：HTTP、仿真、Nav2 MPPI 子进程均已退出。
跟随演示已启动：http://127.0.0.1:8765
姿态就绪后先确认起始周围 1.2 m 净空，再开始跟随并让目标沿场景路线行走。
{
  "scenario": "corner",
  "validation_mode": "nominal_following_acceptance",
  "passed_basic_checks": true,
  "stimulus_valid": true,
  "scenario_objective_met": true,
  "passed_fluency": false,
  "passed_navigation": false,
  "steady_actual_vx": 0.14861908127094164,
  "target_moving_mean_actual_vx": 0.20938723794147654,
  "final_distance_m": 2.076558080936983,
  "target_moving_robot_slow_ratio": 0.1880621422730696,
  "debug_reasons": [
    "流畅性未通过：moving_follow_distance_bounded",
    "流畅性未通过：slow_time_ratio_bounded",
    "流畅性未通过：moving_actual_speed",
    "最后导航状态：FOLLOW_DISTANCE；路径点数=2；地图模式=static_history；深度年龄=0.5300000000000011"
  ],
  "report_path": "/home/chy/go2_sim/artifacts/navigation-region-final-20261004-corner.json",
  "samples_path": "/home/chy/go2_sim/artifacts/navigation-region-final-20261004-corner-samples.json"
}
Go2 跟随实验台已关闭：HTTP、仿真、Nav2 MPPI 子进程均已退出。
跟随演示已启动：http://127.0.0.1:8765
姿态就绪后先确认起始周围 1.2 m 净空，再开始跟随并让目标沿场景路线行走。
{
  "scenario": "blocked",
  "validation_mode": "nominal_following_acceptance",
  "passed_basic_checks": true,
  "stimulus_valid": true,
  "scenario_objective_met": true,
  "passed_fluency": true,
  "passed_navigation": true,
  "steady_actual_vx": 0.0,
  "target_moving_mean_actual_vx": 0.0,
  "final_distance_m": 3.938286822869165,
  "target_moving_robot_slow_ratio": 0.0,
  "debug_reasons": [],
  "report_path": "/home/chy/go2_sim/artifacts/navigation-region-final-20261004-blocked.json",
  "samples_path": "/home/chy/go2_sim/artifacts/navigation-region-final-20261004-blocked-samples.json"
}
Go2 跟随实验台已关闭：HTTP、仿真、Nav2 MPPI 子进程均已退出。

scenario    exit_code
--------    ---------
open                1
long_wall           1
consecutive         1
corner              1
blocked             0

