[INFO] [1791399628.047608523] [go2_follow_mppi.controller_server]: 
	controller_server lifecycle node launched. 
	Waiting on external lifecycle transitions to activate
	See https://design.ros2.org/articles/node_lifecycle.html for more information.
[INFO] [1791399628.052174271] [go2_follow_mppi.controller_server]: Creating controller server
[INFO] [1791399628.056124988] [go2_follow_mppi.local_costmap.local_costmap]: 
	local_costmap lifecycle node launched. 
	Waiting on external lifecycle transitions to activate
	See https://design.ros2.org/articles/node_lifecycle.html for more information.
[INFO] [1791399628.056656668] [go2_follow_mppi.local_costmap.local_costmap]: Creating Costmap
[INFO] [1791399628.321677490] [go2_follow_mppi.controller_server]: Configuring controller interface
[INFO] [1791399628.321745275] [go2_follow_mppi.controller_server]: getting goal checker plugins..
[INFO] [1791399628.321761188] [go2_follow_mppi.controller_server]: Controller frequency set to 30.0000Hz
[INFO] [1791399628.321789474] [go2_follow_mppi.local_costmap.local_costmap]: Configuring
[INFO] [1791399628.324735316] [go2_follow_mppi.local_costmap.local_costmap]: Using plugin "geometry"
[INFO] [1791399628.327914006] [go2_follow_mppi.local_costmap.local_costmap]: Subscribing to the map topic (/follow_demo/local_geometry) with transient local durability
[INFO] [1791399628.328549084] [go2_follow_mppi.local_costmap.local_costmap]: Initialized plugin "geometry"
[INFO] [1791399628.328586076] [go2_follow_mppi.local_costmap.local_costmap]: Using plugin "inflation"
[INFO] [1791399628.329161792] [go2_follow_mppi.local_costmap.local_costmap]: Initialized plugin "inflation"
[INFO] [1791399628.335387714] [go2_follow_mppi.controller_server]: Created progress_checker : progress of type nav2_controller::SimpleProgressChecker
[INFO] [1791399628.335955300] [go2_follow_mppi.controller_server]: Created goal checker : follow_goal of type nav2_controller::SimpleGoalChecker
[INFO] [1791399628.336211300] [go2_follow_mppi.controller_server]: Created goal checker : observe_goal of type nav2_controller::SimpleGoalChecker
[INFO] [1791399628.336399689] [go2_follow_mppi.controller_server]: Created goal checker : face_goal of type nav2_controller::SimpleGoalChecker
[INFO] [1791399628.336543422] [go2_follow_mppi.controller_server]: Controller Server has follow_goal observe_goal face_goal  goal checkers available.
[INFO] [1791399628.337638193] [go2_follow_mppi.controller_server]: Created controller : FollowPath of type nav2_mppi_controller::MPPIController
[WARN] [1791399628.338584618] [go2_follow_mppi.controller_server]: Controller period is less then model dt, consider setting it equal
[INFO] [1791399628.340067748] [go2_follow_mppi.controller_server]: ConstraintCritic instantiated with 1 power and 4.000000 weight.
[INFO] [1791399628.340115214] [go2_follow_mppi.controller_server]: Critic loaded : mppi::critics::ConstraintCritic
[INFO] [1791399628.340499469] [go2_follow_mppi.controller_server]: InflationCostCritic instantiated with 1 power and 300.000000 / 0.015000 weights. Critic will collision check based on footprint cost.
[INFO] [1791399628.340539544] [go2_follow_mppi.controller_server]: Critic loaded : mppi::critics::CostCritic
[INFO] [1791399628.343933378] [go2_follow_mppi.controller_server]: Critic loaded : mppi::critics::BrakingCritic
[INFO] [1791399628.344574089] [go2_follow_mppi.controller_server]: Critic loaded : mppi::critics::FollowSpeedCritic
[INFO] [1791399628.344944374] [go2_follow_mppi.controller_server]: GoalCritic instantiated with 1 power and 5.000000 weight.
[INFO] [1791399628.344973551] [go2_follow_mppi.controller_server]: Critic loaded : mppi::critics::GoalCritic
[INFO] [1791399628.345235467] [go2_follow_mppi.controller_server]: Critic loaded : mppi::critics::PathFollowCritic
[INFO] [1791399628.345535981] [go2_follow_mppi.controller_server]: ReferenceTrajectoryCritic instantiated with 1 power and 6.000000 weight
[INFO] [1791399628.345594008] [go2_follow_mppi.controller_server]: Critic loaded : mppi::critics::PathAlignCritic
[INFO] [1791399628.345939372] [go2_follow_mppi.controller_server]: PathAngleCritic instantiated with 1 power and 5.000000 weight. Reversing not allowed.
[INFO] [1791399628.346006170] [go2_follow_mppi.controller_server]: Critic loaded : mppi::critics::PathAngleCritic
[INFO] [1791399628.346284052] [go2_follow_mppi.controller_server]: GoalAngleCritic instantiated with 1 power, 5.000000 weight, and 0.350000 angular threshold.
[INFO] [1791399628.346310624] [go2_follow_mppi.controller_server]: Critic loaded : mppi::critics::GoalAngleCritic
[INFO] [1791399628.349652498] [go2_follow_mppi.controller_server]: Optimizer reset
[INFO] [1791399628.351329215] [MPPIController]: Configured MPPI Controller: FollowPath
[INFO] [1791399628.351476835] [go2_follow_mppi.controller_server]: Created controller : Observe of type nav2_mppi_controller::MPPIController
[WARN] [1791399628.352302461] [go2_follow_mppi.controller_server]: Controller period is less then model dt, consider setting it equal
[INFO] [1791399628.353192780] [go2_follow_mppi.controller_server]: ConstraintCritic instantiated with 1 power and 4.000000 weight.
[INFO] [1791399628.353229163] [go2_follow_mppi.controller_server]: Critic loaded : mppi::critics::ConstraintCritic
[INFO] [1791399628.353515599] [go2_follow_mppi.controller_server]: InflationCostCritic instantiated with 1 power and 300.000000 / 0.015000 weights. Critic will collision check based on footprint cost.
[INFO] [1791399628.353542268] [go2_follow_mppi.controller_server]: Critic loaded : mppi::critics::CostCritic
[INFO] [1791399628.354348987] [go2_follow_mppi.controller_server]: Critic loaded : mppi::critics::BrakingCritic
[INFO] [1791399628.355010093] [go2_follow_mppi.controller_server]: Critic loaded : mppi::critics::FollowSpeedCritic
[INFO] [1791399628.355370355] [go2_follow_mppi.controller_server]: GoalCritic instantiated with 1 power and 5.000000 weight.
[INFO] [1791399628.355397285] [go2_follow_mppi.controller_server]: Critic loaded : mppi::critics::GoalCritic
[INFO] [1791399628.355598535] [go2_follow_mppi.controller_server]: Critic loaded : mppi::critics::PathFollowCritic
[INFO] [1791399628.355910262] [go2_follow_mppi.controller_server]: ReferenceTrajectoryCritic instantiated with 1 power and 6.000000 weight
[INFO] [1791399628.355930256] [go2_follow_mppi.controller_server]: Critic loaded : mppi::critics::PathAlignCritic
[INFO] [1791399628.356246563] [go2_follow_mppi.controller_server]: PathAngleCritic instantiated with 1 power and 5.000000 weight. Reversing not allowed.
[INFO] [1791399628.356268434] [go2_follow_mppi.controller_server]: Critic loaded : mppi::critics::PathAngleCritic
[INFO] [1791399628.356395550] [go2_follow_mppi.controller_server]: GoalAngleCritic instantiated with 1 power, 8.000000 weight, and 0.350000 angular threshold.
[INFO] [1791399628.356416303] [go2_follow_mppi.controller_server]: Critic loaded : mppi::critics::GoalAngleCritic
[INFO] [1791399628.359327270] [go2_follow_mppi.controller_server]: Optimizer reset
[INFO] [1791399628.360326078] [MPPIController]: Configured MPPI Controller: Observe
[INFO] [1791399628.360354137] [go2_follow_mppi.controller_server]: Controller Server has FollowPath Observe  controllers available.
[INFO] [1791399628.363978919] [go2_follow_mppi.controller_server]: Activating
[INFO] [1791399628.364018158] [go2_follow_mppi.local_costmap.local_costmap]: Activating
[INFO] [1791399628.364030782] [go2_follow_mppi.local_costmap.local_costmap]: Checking transform
[INFO] [1791399628.364146554] [go2_follow_mppi.local_costmap.local_costmap]: start
[WARN] [1791399628.415022046] [go2_follow_mppi.controller_server]: Parameter controller_server.verbose not found
[INFO] [1791399628.416396588] [go2_follow_mppi.controller_server]: Optimizer reset
[INFO] [1791399628.416543524] [MPPIController]: Activated MPPI Controller: Observe
[INFO] [1791399628.416559621] [MPPIController]: Activated MPPI Controller: FollowPath
[INFO] [1791399628.416578225] [go2_follow_mppi.controller_server]: Creating bond (controller_server) to lifecycle manager.
[INFO] [1791399627.572718579] [go2_follow_mppi.local_costmap.local_costmap]: StaticLayer: Resizing static layer to 121 X 121 at 0.100000 m/pix
[INFO] [1791399627.781060630] [go2_follow_mppi.local_costmap.local_costmap]: StaticLayer: Resizing static layer to 121 X 121 at 0.100000 m/pix
[INFO] [1791399627.884726194] [go2_follow_mppi.local_costmap.local_costmap]: StaticLayer: Resizing static layer to 121 X 121 at 0.100000 m/pix
[INFO] [1791399629.281407684] [go2_follow_mppi.local_costmap.local_costmap]: StaticLayer: Resizing static layer to 121 X 121 at 0.100000 m/pix
[INFO] [1791399629.582685670] [go2_follow_mppi.local_costmap.local_costmap]: StaticLayer: Resizing static layer to 121 X 121 at 0.100000 m/pix
[INFO] [1791399629.781757584] [go2_follow_mppi.local_costmap.local_costmap]: StaticLayer: Resizing static layer to 121 X 121 at 0.100000 m/pix
[INFO] [1791399630.081387679] [go2_follow_mppi.local_costmap.local_costmap]: StaticLayer: Resizing static layer to 121 X 121 at 0.100000 m/pix
[INFO] [1791399632.152846117] [go2_follow_mppi.controller_server]: Received a goal, begin computing control effort.
[INFO] [1791399632.154254335] [go2_follow_mppi.controller_server]: Optimizer reset
[INFO] [1791399632.380993236] [go2_follow_mppi.local_costmap.local_costmap]: StaticLayer: Resizing static layer to 121 X 121 at 0.100000 m/pix
[INFO] [1791399632.553063075] [go2_follow_mppi.controller_server]: Passing new path to controller.
[INFO] [1791399632.680951014] [go2_follow_mppi.local_costmap.local_costmap]: StaticLayer: Resizing static layer to 121 X 121 at 0.100000 m/pix
[INFO] [1791399632.953046788] [go2_follow_mppi.controller_server]: Passing new path to controller.
[INFO] [1791399633.180939324] [go2_follow_mppi.local_costmap.local_costmap]: StaticLayer: Resizing static layer to 121 X 121 at 0.100000 m/pix
[INFO] [1791399633.353047403] [go2_follow_mppi.controller_server]: Passing new path to controller.
[INFO] [1791399633.585072117] [go2_follow_mppi.local_costmap.local_costmap]: StaticLayer: Resizing static layer to 121 X 121 at 0.100000 m/pix
[INFO] [1791399633.681051005] [go2_follow_mppi.local_costmap.local_costmap]: StaticLayer: Resizing static layer to 121 X 121 at 0.100000 m/pix
[INFO] [1791399633.786630715] [go2_follow_mppi.controller_server]: Passing new path to controller.
[INFO] [1791399633.881138876] [go2_follow_mppi.local_costmap.local_costmap]: StaticLayer: Resizing static layer to 121 X 121 at 0.100000 m/pix
[INFO] [1791399633.981049394] [go2_follow_mppi.local_costmap.local_costmap]: StaticLayer: Resizing static layer to 121 X 121 at 0.100000 m/pix
[INFO] [1791399634.181067500] [go2_follow_mppi.local_costmap.local_costmap]: StaticLayer: Resizing static layer to 121 X 121 at 0.100000 m/pix
[INFO] [1791399634.186600826] [go2_follow_mppi.controller_server]: Passing new path to controller.
[INFO] [1791399634.381087484] [go2_follow_mppi.local_costmap.local_costmap]: StaticLayer: Resizing static layer to 121 X 121 at 0.100000 m/pix
[INFO] [1791399634.481048855] [go2_follow_mppi.local_costmap.local_costmap]: StaticLayer: Resizing static layer to 121 X 121 at 0.100000 m/pix
[INFO] [1791399634.620706568] [go2_follow_mppi.controller_server]: Passing new path to controller.
[INFO] [1791399634.681730600] [go2_follow_mppi.local_costmap.local_costmap]: StaticLayer: Resizing static layer to 121 X 121 at 0.100000 m/pix
[INFO] [1791399634.782075624] [go2_follow_mppi.local_costmap.local_costmap]: StaticLayer: Resizing static layer to 121 X 121 at 0.100000 m/pix
[INFO] [1791399634.981403944] [go2_follow_mppi.local_costmap.local_costmap]: StaticLayer: Resizing static layer to 121 X 121 at 0.100000 m/pix
[INFO] [1791399635.019758721] [go2_follow_mppi.controller_server]: Passing new path to controller.
[INFO] [1791399635.181041326] [go2_follow_mppi.local_costmap.local_costmap]: StaticLayer: Resizing static layer to 121 X 121 at 0.100000 m/pix
[INFO] [1791399635.281415443] [go2_follow_mppi.local_costmap.local_costmap]: StaticLayer: Resizing static layer to 121 X 121 at 0.100000 m/pix
[INFO] [1791399635.453180778] [go2_follow_mppi.controller_server]: Passing new path to controller.
[INFO] [1791399635.481078328] [go2_follow_mppi.local_costmap.local_costmap]: StaticLayer: Resizing static layer to 121 X 121 at 0.100000 m/pix
[INFO] [1791399635.681066262] [go2_follow_mppi.local_costmap.local_costmap]: StaticLayer: Resizing static layer to 121 X 121 at 0.100000 m/pix
[INFO] [1791399635.853224827] [go2_follow_mppi.controller_server]: Passing new path to controller.
[INFO] [1791399636.082059255] [go2_follow_mppi.local_costmap.local_costmap]: StaticLayer: Resizing static layer to 121 X 121 at 0.100000 m/pix
[INFO] [1791399636.181773103] [go2_follow_mppi.local_costmap.local_costmap]: StaticLayer: Resizing static layer to 121 X 121 at 0.100000 m/pix
[INFO] [1791399636.254509986] [go2_follow_mppi.controller_server]: Passing new path to controller.
[INFO] [1791399636.281059002] [go2_follow_mppi.local_costmap.local_costmap]: StaticLayer: Resizing static layer to 121 X 121 at 0.100000 m/pix
[INFO] [1791399636.481025027] [go2_follow_mppi.local_costmap.local_costmap]: StaticLayer: Resizing static layer to 121 X 121 at 0.100000 m/pix
[INFO] [1791399636.681046793] [go2_follow_mppi.local_costmap.local_costmap]: StaticLayer: Resizing static layer to 121 X 121 at 0.100000 m/pix
[INFO] [1791399636.754164186] [go2_follow_mppi.controller_server]: Goal was canceled. Stopping the robot.
[INFO] [1791399636.754223614] [go2_follow_mppi.controller_server]: [follow_path] [ActionServer] Client requested to cancel the goal. Cancelling.
[INFO] [1791399636.782063056] [go2_follow_mppi.local_costmap.local_costmap]: StaticLayer: Resizing static layer to 121 X 121 at 0.100000 m/pix
[INFO] [1791399637.681700854] [go2_follow_mppi.local_costmap.local_costmap]: StaticLayer: Resizing static layer to 121 X 121 at 0.100000 m/pix
[INFO] [1791399695.316946678] [rclcpp]: signal_handler(SIGINT/SIGTERM)
[INFO] [1791399695.317055840] [go2_follow_mppi.controller_server]: Running Nav2 LifecycleNode rcl preshutdown (controller_server)
[INFO] [1791399695.317146224] [go2_follow_mppi.controller_server]: Deactivating
[INFO] [1791399695.317170864] [MPPIController]: Deactivated MPPI Controller: Observe
[INFO] [1791399695.317175683] [MPPIController]: Deactivated MPPI Controller: FollowPath
[INFO] [1791399695.317187796] [go2_follow_mppi.local_costmap.local_costmap]: Deactivating
[INFO] [1791399695.370108370] [go2_follow_mppi.controller_server]: Destroying bond (controller_server) to lifecycle manager.
[INFO] [1791399695.380971267] [go2_follow_mppi.controller_server]: Cleaning up
[INFO] [1791399695.381038889] [MPPIController]: Cleaned up MPPI Controller: Observe
[INFO] [1791399695.381067697] [MPPIController]: Cleaned up MPPI Controller: FollowPath
[INFO] [1791399695.381378067] [go2_follow_mppi.local_costmap.local_costmap]: Cleaning up
[INFO] [1791399695.406599040] [go2_follow_mppi.controller_server]: Destroying bond (controller_server) to lifecycle manager.
[INFO] [1791399695.422805284] [go2_follow_mppi.local_costmap.local_costmap]: Destroying
[INFO] [1791399695.445652953] [go2_follow_mppi.controller_server]: Destroying
