[INFO] [1791218000.860497970] [go2_follow_mppi.controller_server]: 
	controller_server lifecycle node launched. 
	Waiting on external lifecycle transitions to activate
	See https://design.ros2.org/articles/node_lifecycle.html for more information.
[INFO] [1791218000.876023241] [go2_follow_mppi.controller_server]: Creating controller server
[INFO] [1791218000.879992299] [go2_follow_mppi.local_costmap.local_costmap]: 
	local_costmap lifecycle node launched. 
	Waiting on external lifecycle transitions to activate
	See https://design.ros2.org/articles/node_lifecycle.html for more information.
[INFO] [1791218000.882099130] [go2_follow_mppi.local_costmap.local_costmap]: Creating Costmap
[INFO] [1791218000.882522671] [go2_follow_mppi.controller_server]: Configuring controller interface
[INFO] [1791218000.882547689] [go2_follow_mppi.controller_server]: getting goal checker plugins..
[INFO] [1791218000.882556346] [go2_follow_mppi.controller_server]: Controller frequency set to 30.0000Hz
[INFO] [1791218000.882569211] [go2_follow_mppi.local_costmap.local_costmap]: Configuring
[INFO] [1791218000.884962667] [go2_follow_mppi.local_costmap.local_costmap]: Using plugin "geometry"
[INFO] [1791218000.890656222] [go2_follow_mppi.local_costmap.local_costmap]: Subscribing to the map topic (/follow_demo/local_geometry) with transient local durability
[INFO] [1791218000.891111994] [go2_follow_mppi.local_costmap.local_costmap]: Initialized plugin "geometry"
[INFO] [1791218000.891127054] [go2_follow_mppi.local_costmap.local_costmap]: Using plugin "inflation"
[INFO] [1791218000.891370716] [go2_follow_mppi.local_costmap.local_costmap]: Initialized plugin "inflation"
[INFO] [1791218000.896621944] [go2_follow_mppi.controller_server]: Created progress_checker : progress of type nav2_controller::SimpleProgressChecker
[INFO] [1791218000.897532673] [go2_follow_mppi.controller_server]: Created goal checker : follow_goal of type nav2_controller::SimpleGoalChecker
[INFO] [1791218000.897730376] [go2_follow_mppi.controller_server]: Created goal checker : observe_goal of type nav2_controller::SimpleGoalChecker
[INFO] [1791218000.897885346] [go2_follow_mppi.controller_server]: Created goal checker : face_goal of type nav2_controller::SimpleGoalChecker
[INFO] [1791218000.898002974] [go2_follow_mppi.controller_server]: Controller Server has follow_goal observe_goal face_goal  goal checkers available.
[INFO] [1791218000.901621979] [go2_follow_mppi.controller_server]: Created controller : FollowPath of type nav2_mppi_controller::MPPIController
[WARN] [1791218000.902418181] [go2_follow_mppi.controller_server]: Controller period is less then model dt, consider setting it equal
[INFO] [1791218000.905000590] [go2_follow_mppi.controller_server]: ConstraintCritic instantiated with 1 power and 4.000000 weight.
[INFO] [1791218000.905034485] [go2_follow_mppi.controller_server]: Critic loaded : mppi::critics::ConstraintCritic
[INFO] [1791218000.905525446] [go2_follow_mppi.controller_server]: InflationCostCritic instantiated with 1 power and 300.000000 / 0.015000 weights. Critic will collision check based on footprint cost.
[INFO] [1791218000.905566265] [go2_follow_mppi.controller_server]: Critic loaded : mppi::critics::CostCritic
[INFO] [1791218000.905838843] [go2_follow_mppi.controller_server]: GoalCritic instantiated with 1 power and 5.000000 weight.
[INFO] [1791218000.905857920] [go2_follow_mppi.controller_server]: Critic loaded : mppi::critics::GoalCritic
[INFO] [1791218000.906114868] [go2_follow_mppi.controller_server]: Critic loaded : mppi::critics::PathFollowCritic
[INFO] [1791218000.906598225] [go2_follow_mppi.controller_server]: ReferenceTrajectoryCritic instantiated with 1 power and 6.000000 weight
[INFO] [1791218000.906634134] [go2_follow_mppi.controller_server]: Critic loaded : mppi::critics::PathAlignCritic
[INFO] [1791218000.906983080] [go2_follow_mppi.controller_server]: PathAngleCritic instantiated with 1 power and 5.000000 weight. Reversing not allowed.
[INFO] [1791218000.907000254] [go2_follow_mppi.controller_server]: Critic loaded : mppi::critics::PathAngleCritic
[INFO] [1791218000.907248134] [go2_follow_mppi.controller_server]: GoalAngleCritic instantiated with 1 power, 5.000000 weight, and 0.350000 angular threshold.
[INFO] [1791218000.907265938] [go2_follow_mppi.controller_server]: Critic loaded : mppi::critics::GoalAngleCritic
[INFO] [1791218000.909158846] [go2_follow_mppi.controller_server]: Optimizer reset
[INFO] [1791218000.911239280] [MPPIController]: Configured MPPI Controller: FollowPath
[INFO] [1791218000.911317512] [go2_follow_mppi.controller_server]: Created controller : Observe of type nav2_mppi_controller::MPPIController
[WARN] [1791218000.912071082] [go2_follow_mppi.controller_server]: Controller period is less then model dt, consider setting it equal
[INFO] [1791218000.912573495] [go2_follow_mppi.controller_server]: ConstraintCritic instantiated with 1 power and 4.000000 weight.
[INFO] [1791218000.912593954] [go2_follow_mppi.controller_server]: Critic loaded : mppi::critics::ConstraintCritic
[INFO] [1791218000.912805394] [go2_follow_mppi.controller_server]: InflationCostCritic instantiated with 1 power and 300.000000 / 0.015000 weights. Critic will collision check based on footprint cost.
[INFO] [1791218000.912821084] [go2_follow_mppi.controller_server]: Critic loaded : mppi::critics::CostCritic
[INFO] [1791218000.912940205] [go2_follow_mppi.controller_server]: GoalCritic instantiated with 1 power and 5.000000 weight.
[INFO] [1791218000.912965815] [go2_follow_mppi.controller_server]: Critic loaded : mppi::critics::GoalCritic
[INFO] [1791218000.913155262] [go2_follow_mppi.controller_server]: Critic loaded : mppi::critics::PathFollowCritic
[INFO] [1791218000.913403342] [go2_follow_mppi.controller_server]: ReferenceTrajectoryCritic instantiated with 1 power and 6.000000 weight
[INFO] [1791218000.913418331] [go2_follow_mppi.controller_server]: Critic loaded : mppi::critics::PathAlignCritic
[INFO] [1791218000.913637065] [go2_follow_mppi.controller_server]: PathAngleCritic instantiated with 1 power and 5.000000 weight. Reversing not allowed.
[INFO] [1791218000.913656513] [go2_follow_mppi.controller_server]: Critic loaded : mppi::critics::PathAngleCritic
[INFO] [1791218000.913826072] [go2_follow_mppi.controller_server]: GoalAngleCritic instantiated with 1 power, 8.000000 weight, and 0.350000 angular threshold.
[INFO] [1791218000.913840359] [go2_follow_mppi.controller_server]: Critic loaded : mppi::critics::GoalAngleCritic
[INFO] [1791218000.916618126] [go2_follow_mppi.controller_server]: Optimizer reset
[INFO] [1791218000.917428306] [MPPIController]: Configured MPPI Controller: Observe
[INFO] [1791218000.917444377] [go2_follow_mppi.controller_server]: Controller Server has FollowPath Observe  controllers available.
[INFO] [1791218000.921346179] [go2_follow_mppi.controller_server]: Activating
[INFO] [1791218000.921376578] [go2_follow_mppi.local_costmap.local_costmap]: Activating
[INFO] [1791218000.921387529] [go2_follow_mppi.local_costmap.local_costmap]: Checking transform
[INFO] [1791218000.921405063] [go2_follow_mppi.local_costmap.local_costmap]: Timed out waiting for transform from base_footprint to odom to become available, tf error: Invalid frame ID "odom" passed to canTransform argument target_frame - frame does not exist
[INFO] [1791218001.421501630] [go2_follow_mppi.local_costmap.local_costmap]: Timed out waiting for transform from base_footprint to odom to become available, tf error: Invalid frame ID "odom" passed to canTransform argument target_frame - frame does not exist
[INFO] [1791218001.914818934] [go2_follow_mppi.local_costmap.local_costmap]: StaticLayer: Resizing static layer to 121 X 121 at 0.100000 m/pix
[INFO] [1791218001.921678932] [go2_follow_mppi.local_costmap.local_costmap]: start
[WARN] [1791218001.971911482] [go2_follow_mppi.controller_server]: Parameter controller_server.verbose not found
[INFO] [1791218001.973158568] [go2_follow_mppi.controller_server]: Optimizer reset
[INFO] [1791218001.973332946] [MPPIController]: Activated MPPI Controller: Observe
[INFO] [1791218001.973345300] [MPPIController]: Activated MPPI Controller: FollowPath
[INFO] [1791218001.973376550] [go2_follow_mppi.controller_server]: Creating bond (controller_server) to lifecycle manager.
[INFO] [1791218000.978226345] [go2_follow_mppi.local_costmap.local_costmap]: StaticLayer: Resizing static layer to 121 X 121 at 0.100000 m/pix
[INFO] [1791218001.278258708] [go2_follow_mppi.local_costmap.local_costmap]: StaticLayer: Resizing static layer to 121 X 121 at 0.100000 m/pix
[INFO] [1791218002.578213010] [go2_follow_mppi.local_costmap.local_costmap]: StaticLayer: Resizing static layer to 121 X 121 at 0.100000 m/pix
[INFO] [1791218002.878222143] [go2_follow_mppi.local_costmap.local_costmap]: StaticLayer: Resizing static layer to 121 X 121 at 0.100000 m/pix
[INFO] [1791218003.178246669] [go2_follow_mppi.local_costmap.local_costmap]: StaticLayer: Resizing static layer to 121 X 121 at 0.100000 m/pix
[INFO] [1791218003.378215148] [go2_follow_mppi.local_costmap.local_costmap]: StaticLayer: Resizing static layer to 121 X 121 at 0.100000 m/pix
[INFO] [1791218005.726685982] [go2_follow_mppi.controller_server]: Received a goal, begin computing control effort.
[INFO] [1791218005.728174607] [go2_follow_mppi.controller_server]: Optimizer reset
[INFO] [1791218005.731539588] [go2_follow_mppi.controller_server]: Reached the goal!
[INFO] [1791218005.778200030] [go2_follow_mppi.local_costmap.local_costmap]: StaticLayer: Resizing static layer to 121 X 121 at 0.100000 m/pix
[INFO] [1791218006.014121686] [go2_follow_mppi.controller_server]: Received a goal, begin computing control effort.
[INFO] [1791218006.019307069] [go2_follow_mppi.controller_server]: Reached the goal!
[INFO] [1791218006.347672316] [go2_follow_mppi.controller_server]: Received a goal, begin computing control effort.
[INFO] [1791218006.647868909] [go2_follow_mppi.controller_server]: Passing new path to controller.
[INFO] [1791218006.981208436] [go2_follow_mppi.controller_server]: Passing new path to controller.
[INFO] [1791218007.278245513] [go2_follow_mppi.local_costmap.local_costmap]: StaticLayer: Resizing static layer to 121 X 121 at 0.100000 m/pix
[INFO] [1791218007.414563509] [go2_follow_mppi.controller_server]: Passing new path to controller.
[INFO] [1791218007.847873841] [go2_follow_mppi.controller_server]: Passing new path to controller.
[INFO] [1791218008.347892855] [go2_follow_mppi.controller_server]: Passing new path to controller.
[INFO] [1791218008.378205198] [go2_follow_mppi.local_costmap.local_costmap]: StaticLayer: Resizing static layer to 121 X 121 at 0.100000 m/pix
[INFO] [1791218008.578228920] [go2_follow_mppi.local_costmap.local_costmap]: StaticLayer: Resizing static layer to 121 X 121 at 0.100000 m/pix
[INFO] [1791218008.678208188] [go2_follow_mppi.local_costmap.local_costmap]: StaticLayer: Resizing static layer to 121 X 121 at 0.100000 m/pix
[INFO] [1791218008.681242031] [go2_follow_mppi.controller_server]: Passing new path to controller.
[INFO] [1791218008.978235069] [go2_follow_mppi.local_costmap.local_costmap]: StaticLayer: Resizing static layer to 121 X 121 at 0.100000 m/pix
[INFO] [1791218009.178225465] [go2_follow_mppi.local_costmap.local_costmap]: StaticLayer: Resizing static layer to 121 X 121 at 0.100000 m/pix
[INFO] [1791218009.214556861] [go2_follow_mppi.controller_server]: Passing new path to controller.
[INFO] [1791218009.278233539] [go2_follow_mppi.local_costmap.local_costmap]: StaticLayer: Resizing static layer to 121 X 121 at 0.100000 m/pix
[INFO] [1791218009.578219691] [go2_follow_mppi.local_costmap.local_costmap]: StaticLayer: Resizing static layer to 121 X 121 at 0.100000 m/pix
[INFO] [1791218009.614527603] [go2_follow_mppi.controller_server]: Passing new path to controller.
[INFO] [1791218009.778302014] [go2_follow_mppi.local_costmap.local_costmap]: StaticLayer: Resizing static layer to 121 X 121 at 0.100000 m/pix
[INFO] [1791218009.978242835] [go2_follow_mppi.local_costmap.local_costmap]: StaticLayer: Resizing static layer to 121 X 121 at 0.100000 m/pix
[INFO] [1791218010.081224957] [go2_follow_mppi.controller_server]: Passing new path to controller.
[INFO] [1791218010.178231402] [go2_follow_mppi.local_costmap.local_costmap]: StaticLayer: Resizing static layer to 121 X 121 at 0.100000 m/pix
[INFO] [1791218010.379486872] [go2_follow_mppi.local_costmap.local_costmap]: StaticLayer: Resizing static layer to 121 X 121 at 0.100000 m/pix
[INFO] [1791218010.516859730] [go2_follow_mppi.controller_server]: Passing new path to controller.
[INFO] [1791218010.679832581] [go2_follow_mppi.local_costmap.local_costmap]: StaticLayer: Resizing static layer to 121 X 121 at 0.100000 m/pix
[INFO] [1791218010.914849273] [go2_follow_mppi.controller_server]: Passing new path to controller.
[INFO] [1791218010.980203126] [go2_follow_mppi.local_costmap.local_costmap]: StaticLayer: Resizing static layer to 121 X 121 at 0.100000 m/pix
[INFO] [1791218011.179194916] [go2_follow_mppi.local_costmap.local_costmap]: StaticLayer: Resizing static layer to 121 X 121 at 0.100000 m/pix
[INFO] [1791218011.382401258] [go2_follow_mppi.controller_server]: Passing new path to controller.
[INFO] [1791218011.578482861] [go2_follow_mppi.local_costmap.local_costmap]: StaticLayer: Resizing static layer to 121 X 121 at 0.100000 m/pix
[INFO] [1791218011.678511725] [go2_follow_mppi.local_costmap.local_costmap]: StaticLayer: Resizing static layer to 121 X 121 at 0.100000 m/pix
[INFO] [1791218011.683410846] [go2_follow_mppi.controller_server]: Passing new path to controller.
[INFO] [1791218012.179149514] [go2_follow_mppi.local_costmap.local_costmap]: StaticLayer: Resizing static layer to 121 X 121 at 0.100000 m/pix
[INFO] [1791218012.214850818] [go2_follow_mppi.controller_server]: Passing new path to controller.
[INFO] [1791218012.379157833] [go2_follow_mppi.local_costmap.local_costmap]: StaticLayer: Resizing static layer to 121 X 121 at 0.100000 m/pix
[INFO] [1791218012.579167443] [go2_follow_mppi.local_costmap.local_costmap]: StaticLayer: Resizing static layer to 121 X 121 at 0.100000 m/pix
[INFO] [1791218012.647977299] [go2_follow_mppi.controller_server]: Passing new path to controller.
[INFO] [1791218012.778843626] [go2_follow_mppi.local_costmap.local_costmap]: StaticLayer: Resizing static layer to 121 X 121 at 0.100000 m/pix
[INFO] [1791218013.079145408] [go2_follow_mppi.local_costmap.local_costmap]: StaticLayer: Resizing static layer to 121 X 121 at 0.100000 m/pix
[INFO] [1791218013.148313446] [go2_follow_mppi.controller_server]: Passing new path to controller.
[INFO] [1791218013.278510045] [go2_follow_mppi.local_costmap.local_costmap]: StaticLayer: Resizing static layer to 121 X 121 at 0.100000 m/pix
[INFO] [1791218013.478496397] [go2_follow_mppi.local_costmap.local_costmap]: StaticLayer: Resizing static layer to 121 X 121 at 0.100000 m/pix
[INFO] [1791218013.583736055] [go2_follow_mppi.controller_server]: Passing new path to controller.
[INFO] [1791218013.778503117] [go2_follow_mppi.local_costmap.local_costmap]: StaticLayer: Resizing static layer to 121 X 121 at 0.100000 m/pix
[INFO] [1791218013.982257473] [go2_follow_mppi.controller_server]: Passing new path to controller.
[INFO] [1791218014.078501547] [go2_follow_mppi.local_costmap.local_costmap]: StaticLayer: Resizing static layer to 121 X 121 at 0.100000 m/pix
[INFO] [1791218014.178861068] [go2_follow_mppi.local_costmap.local_costmap]: StaticLayer: Resizing static layer to 121 X 121 at 0.100000 m/pix
[INFO] [1791218014.481384026] [go2_follow_mppi.controller_server]: Passing new path to controller.
[INFO] [1791218014.578836219] [go2_follow_mppi.local_costmap.local_costmap]: StaticLayer: Resizing static layer to 121 X 121 at 0.100000 m/pix
[INFO] [1791218014.778494029] [go2_follow_mppi.local_costmap.local_costmap]: StaticLayer: Resizing static layer to 121 X 121 at 0.100000 m/pix
[INFO] [1791218015.081394621] [go2_follow_mppi.controller_server]: Passing new path to controller.
[INFO] [1791218015.278656129] [go2_follow_mppi.local_costmap.local_costmap]: StaticLayer: Resizing static layer to 121 X 121 at 0.100000 m/pix
[INFO] [1791218015.378487336] [go2_follow_mppi.local_costmap.local_costmap]: StaticLayer: Resizing static layer to 121 X 121 at 0.100000 m/pix
[INFO] [1791218015.481518600] [go2_follow_mppi.controller_server]: Passing new path to controller.
[INFO] [1791218015.680840009] [go2_follow_mppi.local_costmap.local_costmap]: StaticLayer: Resizing static layer to 121 X 121 at 0.100000 m/pix
[INFO] [1791218015.878495253] [go2_follow_mppi.local_costmap.local_costmap]: StaticLayer: Resizing static layer to 121 X 121 at 0.100000 m/pix
[INFO] [1791218016.078500697] [go2_follow_mppi.local_costmap.local_costmap]: StaticLayer: Resizing static layer to 121 X 121 at 0.100000 m/pix
[INFO] [1791218016.278849060] [go2_follow_mppi.local_costmap.local_costmap]: StaticLayer: Resizing static layer to 121 X 121 at 0.100000 m/pix
[INFO] [1791218016.314858117] [go2_follow_mppi.controller_server]: Goal was canceled. Stopping the robot.
[INFO] [1791218016.315026436] [go2_follow_mppi.controller_server]: [follow_path] [ActionServer] Client requested to cancel the goal. Cancelling.
[INFO] [1791218016.396044680] [go2_follow_mppi.controller_server]: Received a goal, begin computing control effort.
[INFO] [1791218016.479498255] [go2_follow_mppi.local_costmap.local_costmap]: StaticLayer: Resizing static layer to 121 X 121 at 0.100000 m/pix
[INFO] [1791218016.579169747] [go2_follow_mppi.local_costmap.local_costmap]: StaticLayer: Resizing static layer to 121 X 121 at 0.100000 m/pix
[INFO] [1791218016.963282472] [go2_follow_mppi.controller_server]: Passing new path to controller.
[INFO] [1791218017.383102302] [go2_follow_mppi.local_costmap.local_costmap]: StaticLayer: Resizing static layer to 121 X 121 at 0.100000 m/pix
[INFO] [1791218017.463292095] [go2_follow_mppi.controller_server]: Passing new path to controller.
[INFO] [1791218017.665320382] [go2_follow_mppi.controller_server]: Goal was canceled. Stopping the robot.
[INFO] [1791218017.665417507] [go2_follow_mppi.controller_server]: [follow_path] [ActionServer] Client requested to cancel the goal. Cancelling.
[INFO] [1791218017.779157383] [go2_follow_mppi.local_costmap.local_costmap]: StaticLayer: Resizing static layer to 121 X 121 at 0.100000 m/pix
[INFO] [1791218017.886514294] [go2_follow_mppi.controller_server]: Received a goal, begin computing control effort.
[INFO] [1791218018.222245956] [go2_follow_mppi.controller_server]: Passing new path to controller.
[INFO] [1791218018.553700183] [go2_follow_mppi.controller_server]: Passing new path to controller.
[INFO] [1791218018.886945580] [go2_follow_mppi.controller_server]: Passing new path to controller.
[INFO] [1791218019.289160818] [go2_follow_mppi.controller_server]: Passing new path to controller.
[INFO] [1791218019.686795256] [go2_follow_mppi.controller_server]: Passing new path to controller.
[INFO] [1791218020.086776949] [go2_follow_mppi.controller_server]: Passing new path to controller.
[INFO] [1791218020.282812381] [go2_follow_mppi.local_costmap.local_costmap]: StaticLayer: Resizing static layer to 121 X 121 at 0.100000 m/pix
[INFO] [1791218020.655695990] [go2_follow_mppi.controller_server]: Passing new path to controller.
[INFO] [1791218020.679185818] [go2_follow_mppi.local_costmap.local_costmap]: StaticLayer: Resizing static layer to 121 X 121 at 0.100000 m/pix
[INFO] [1791218020.878486602] [go2_follow_mppi.local_costmap.local_costmap]: StaticLayer: Resizing static layer to 121 X 121 at 0.100000 m/pix
[INFO] [1791218021.178508019] [go2_follow_mppi.local_costmap.local_costmap]: StaticLayer: Resizing static layer to 121 X 121 at 0.100000 m/pix
[INFO] [1791218021.187145487] [go2_follow_mppi.controller_server]: Passing new path to controller.
[INFO] [1791218021.578525436] [go2_follow_mppi.local_costmap.local_costmap]: StaticLayer: Resizing static layer to 121 X 121 at 0.100000 m/pix
[INFO] [1791218021.678490044] [go2_follow_mppi.local_costmap.local_costmap]: StaticLayer: Resizing static layer to 121 X 121 at 0.100000 m/pix
[INFO] [1791218021.689140323] [go2_follow_mppi.controller_server]: Passing new path to controller.
[INFO] [1791218021.878484828] [go2_follow_mppi.local_costmap.local_costmap]: StaticLayer: Resizing static layer to 121 X 121 at 0.100000 m/pix
[INFO] [1791218022.078840951] [go2_follow_mppi.local_costmap.local_costmap]: StaticLayer: Resizing static layer to 121 X 121 at 0.100000 m/pix
[INFO] [1791218022.153707761] [go2_follow_mppi.controller_server]: Passing new path to controller.
[INFO] [1791218022.278826856] [go2_follow_mppi.local_costmap.local_costmap]: StaticLayer: Resizing static layer to 121 X 121 at 0.100000 m/pix
[INFO] [1791218022.479489819] [go2_follow_mppi.local_costmap.local_costmap]: StaticLayer: Resizing static layer to 121 X 121 at 0.100000 m/pix
[INFO] [1791218022.587835842] [go2_follow_mppi.controller_server]: Passing new path to controller.
[INFO] [1791218022.778843884] [go2_follow_mppi.local_costmap.local_costmap]: StaticLayer: Resizing static layer to 121 X 121 at 0.100000 m/pix
[INFO] [1791218022.920278264] [go2_follow_mppi.controller_server]: Passing new path to controller.
[INFO] [1791218022.978484744] [go2_follow_mppi.local_costmap.local_costmap]: StaticLayer: Resizing static layer to 121 X 121 at 0.100000 m/pix
[INFO] [1791218023.178504557] [go2_follow_mppi.local_costmap.local_costmap]: StaticLayer: Resizing static layer to 121 X 121 at 0.100000 m/pix
[INFO] [1791218023.354393795] [go2_follow_mppi.controller_server]: Passing new path to controller.
[INFO] [1791218023.378687484] [go2_follow_mppi.local_costmap.local_costmap]: StaticLayer: Resizing static layer to 121 X 121 at 0.100000 m/pix
[INFO] [1791218023.478536293] [go2_follow_mppi.local_costmap.local_costmap]: StaticLayer: Resizing static layer to 121 X 121 at 0.100000 m/pix
[INFO] [1791218023.678505621] [go2_follow_mppi.local_costmap.local_costmap]: StaticLayer: Resizing static layer to 121 X 121 at 0.100000 m/pix
[INFO] [1791218023.686787543] [go2_follow_mppi.controller_server]: Passing new path to controller.
[INFO] [1791218023.878639286] [go2_follow_mppi.local_costmap.local_costmap]: StaticLayer: Resizing static layer to 121 X 121 at 0.100000 m/pix
[INFO] [1791218024.178520571] [go2_follow_mppi.local_costmap.local_costmap]: StaticLayer: Resizing static layer to 121 X 121 at 0.100000 m/pix
[INFO] [1791218024.186784263] [go2_follow_mppi.controller_server]: Passing new path to controller.
[INFO] [1791218024.478844876] [go2_follow_mppi.local_costmap.local_costmap]: StaticLayer: Resizing static layer to 121 X 121 at 0.100000 m/pix
[INFO] [1791218024.620932311] [go2_follow_mppi.controller_server]: Passing new path to controller.
[INFO] [1791218024.778532331] [go2_follow_mppi.local_costmap.local_costmap]: StaticLayer: Resizing static layer to 121 X 121 at 0.100000 m/pix
[INFO] [1791218025.078532082] [go2_follow_mppi.local_costmap.local_costmap]: StaticLayer: Resizing static layer to 121 X 121 at 0.100000 m/pix
[INFO] [1791218025.153711968] [go2_follow_mppi.controller_server]: Passing new path to controller.
[INFO] [1791218025.278502860] [go2_follow_mppi.local_costmap.local_costmap]: StaticLayer: Resizing static layer to 121 X 121 at 0.100000 m/pix
[INFO] [1791218025.578509990] [go2_follow_mppi.local_costmap.local_costmap]: StaticLayer: Resizing static layer to 121 X 121 at 0.100000 m/pix
[INFO] [1791218025.587497832] [go2_follow_mppi.controller_server]: Passing new path to controller.
[INFO] [1791218025.878472426] [go2_follow_mppi.local_costmap.local_costmap]: StaticLayer: Resizing static layer to 121 X 121 at 0.100000 m/pix
[INFO] [1791218026.020164649] [go2_follow_mppi.controller_server]: Passing new path to controller.
[INFO] [1791218026.078507793] [go2_follow_mppi.local_costmap.local_costmap]: StaticLayer: Resizing static layer to 121 X 121 at 0.100000 m/pix
[INFO] [1791218026.479482599] [go2_follow_mppi.local_costmap.local_costmap]: StaticLayer: Resizing static layer to 121 X 121 at 0.100000 m/pix
[INFO] [1791218026.687815461] [go2_follow_mppi.controller_server]: Passing new path to controller.
[INFO] [1791218026.979515489] [go2_follow_mppi.local_costmap.local_costmap]: StaticLayer: Resizing static layer to 121 X 121 at 0.100000 m/pix
[INFO] [1791218027.086939705] [go2_follow_mppi.controller_server]: Passing new path to controller.
[INFO] [1791218027.279200224] [go2_follow_mppi.local_costmap.local_costmap]: StaticLayer: Resizing static layer to 121 X 121 at 0.100000 m/pix
[INFO] [1791218027.578488839] [go2_follow_mppi.local_costmap.local_costmap]: StaticLayer: Resizing static layer to 121 X 121 at 0.100000 m/pix
[INFO] [1791218027.655855929] [go2_follow_mppi.controller_server]: Passing new path to controller.
[INFO] [1791218027.679147062] [go2_follow_mppi.local_costmap.local_costmap]: StaticLayer: Resizing static layer to 121 X 121 at 0.100000 m/pix
[INFO] [1791218027.878504203] [go2_follow_mppi.local_costmap.local_costmap]: StaticLayer: Resizing static layer to 121 X 121 at 0.100000 m/pix
[INFO] [1791218028.120582317] [go2_follow_mppi.controller_server]: Passing new path to controller.
[INFO] [1791218028.179826233] [go2_follow_mppi.local_costmap.local_costmap]: StaticLayer: Resizing static layer to 121 X 121 at 0.100000 m/pix
[INFO] [1791218028.378534305] [go2_follow_mppi.local_costmap.local_costmap]: StaticLayer: Resizing static layer to 121 X 121 at 0.100000 m/pix
[INFO] [1791218028.553702353] [go2_follow_mppi.controller_server]: Passing new path to controller.
[INFO] [1791218028.579170256] [go2_follow_mppi.local_costmap.local_costmap]: StaticLayer: Resizing static layer to 121 X 121 at 0.100000 m/pix
[INFO] [1791218028.679185183] [go2_follow_mppi.local_costmap.local_costmap]: StaticLayer: Resizing static layer to 121 X 121 at 0.100000 m/pix
[INFO] [1791218028.880573366] [go2_follow_mppi.local_costmap.local_costmap]: StaticLayer: Resizing static layer to 121 X 121 at 0.100000 m/pix
[INFO] [1791218028.886893813] [go2_follow_mppi.controller_server]: Passing new path to controller.
[INFO] [1791218029.179173273] [go2_follow_mppi.local_costmap.local_costmap]: StaticLayer: Resizing static layer to 121 X 121 at 0.100000 m/pix
[INFO] [1791218029.280837114] [go2_follow_mppi.local_costmap.local_costmap]: StaticLayer: Resizing static layer to 121 X 121 at 0.100000 m/pix
[INFO] [1791218029.486975020] [go2_follow_mppi.controller_server]: Passing new path to controller.
[INFO] [1791218029.578833671] [go2_follow_mppi.local_costmap.local_costmap]: StaticLayer: Resizing static layer to 121 X 121 at 0.100000 m/pix
[INFO] [1791218029.781843351] [go2_follow_mppi.local_costmap.local_costmap]: StaticLayer: Resizing static layer to 121 X 121 at 0.100000 m/pix
[INFO] [1791218029.820891498] [go2_follow_mppi.controller_server]: Passing new path to controller.
[INFO] [1791218029.978842594] [go2_follow_mppi.local_costmap.local_costmap]: StaticLayer: Resizing static layer to 121 X 121 at 0.100000 m/pix
[INFO] [1791218030.080825181] [go2_follow_mppi.local_costmap.local_costmap]: StaticLayer: Resizing static layer to 121 X 121 at 0.100000 m/pix
[INFO] [1791218030.322240655] [go2_follow_mppi.controller_server]: Passing new path to controller.
[INFO] [1791218030.379510017] [go2_follow_mppi.local_costmap.local_costmap]: StaticLayer: Resizing static layer to 121 X 121 at 0.100000 m/pix
[INFO] [1791218030.582469250] [go2_follow_mppi.local_costmap.local_costmap]: StaticLayer: Resizing static layer to 121 X 121 at 0.100000 m/pix
[INFO] [1791218030.778835788] [go2_follow_mppi.local_costmap.local_costmap]: StaticLayer: Resizing static layer to 121 X 121 at 0.100000 m/pix
[INFO] [1791218030.822953878] [go2_follow_mppi.controller_server]: Passing new path to controller.
[INFO] [1791218030.979843146] [go2_follow_mppi.local_costmap.local_costmap]: StaticLayer: Resizing static layer to 121 X 121 at 0.100000 m/pix
[INFO] [1791218031.378842879] [go2_follow_mppi.local_costmap.local_costmap]: StaticLayer: Resizing static layer to 121 X 121 at 0.100000 m/pix
[INFO] [1791218031.388173065] [go2_follow_mppi.controller_server]: Passing new path to controller.
[INFO] [1791218031.579143724] [go2_follow_mppi.local_costmap.local_costmap]: StaticLayer: Resizing static layer to 121 X 121 at 0.100000 m/pix
[INFO] [1791218031.953689943] [go2_follow_mppi.controller_server]: Passing new path to controller.
[INFO] [1791218031.979153093] [go2_follow_mppi.local_costmap.local_costmap]: StaticLayer: Resizing static layer to 121 X 121 at 0.100000 m/pix
[INFO] [1791218032.178915213] [go2_follow_mppi.local_costmap.local_costmap]: StaticLayer: Resizing static layer to 121 X 121 at 0.100000 m/pix
[INFO] [1791218032.378494918] [go2_follow_mppi.local_costmap.local_costmap]: StaticLayer: Resizing static layer to 121 X 121 at 0.100000 m/pix
[INFO] [1791218032.522589113] [go2_follow_mppi.controller_server]: Passing new path to controller.
[INFO] [1791218032.578845827] [go2_follow_mppi.local_costmap.local_costmap]: StaticLayer: Resizing static layer to 121 X 121 at 0.100000 m/pix
[INFO] [1791218030.952067257] [go2_follow_mppi.local_costmap.local_costmap]: StaticLayer: Resizing static layer to 121 X 121 at 0.100000 m/pix
[INFO] [1791218031.052050221] [go2_follow_mppi.local_costmap.local_costmap]: StaticLayer: Resizing static layer to 121 X 121 at 0.100000 m/pix
[INFO] [1791218031.227266601] [go2_follow_mppi.controller_server]: Passing new path to controller.
[INFO] [1791218031.352132314] [go2_follow_mppi.local_costmap.local_costmap]: StaticLayer: Resizing static layer to 121 X 121 at 0.100000 m/pix
[INFO] [1791218031.552040566] [go2_follow_mppi.local_costmap.local_costmap]: StaticLayer: Resizing static layer to 121 X 121 at 0.100000 m/pix
[INFO] [1791218031.660526139] [go2_follow_mppi.controller_server]: Passing new path to controller.
[INFO] [1791218031.859715902] [go2_follow_mppi.local_costmap.local_costmap]: StaticLayer: Resizing static layer to 121 X 121 at 0.100000 m/pix
[INFO] [1791218032.056380245] [go2_follow_mppi.local_costmap.local_costmap]: StaticLayer: Resizing static layer to 121 X 121 at 0.100000 m/pix
[INFO] [1791218032.062697743] [go2_follow_mppi.controller_server]: Passing new path to controller.
[INFO] [1791218032.252400612] [go2_follow_mppi.local_costmap.local_costmap]: StaticLayer: Resizing static layer to 121 X 121 at 0.100000 m/pix
[INFO] [1791218032.452391107] [go2_follow_mppi.local_costmap.local_costmap]: StaticLayer: Resizing static layer to 121 X 121 at 0.100000 m/pix
[INFO] [1791218032.527239058] [go2_follow_mppi.controller_server]: Passing new path to controller.
[INFO] [1791218032.753796179] [go2_follow_mppi.local_costmap.local_costmap]: StaticLayer: Resizing static layer to 121 X 121 at 0.100000 m/pix
[INFO] [1791218032.928620597] [go2_follow_mppi.controller_server]: Passing new path to controller.
[INFO] [1791218032.956734338] [go2_follow_mppi.local_costmap.local_costmap]: StaticLayer: Resizing static layer to 121 X 121 at 0.100000 m/pix
[INFO] [1791218033.352079805] [go2_follow_mppi.local_costmap.local_costmap]: StaticLayer: Resizing static layer to 121 X 121 at 0.100000 m/pix
[INFO] [1791218033.394167868] [go2_follow_mppi.controller_server]: Passing new path to controller.
[INFO] [1791218033.552034895] [go2_follow_mppi.local_costmap.local_costmap]: StaticLayer: Resizing static layer to 121 X 121 at 0.100000 m/pix
[INFO] [1791218033.652437991] [go2_follow_mppi.local_costmap.local_costmap]: StaticLayer: Resizing static layer to 121 X 121 at 0.100000 m/pix
[INFO] [1791218033.893854510] [go2_follow_mppi.controller_server]: Passing new path to controller.
[INFO] [1791218033.952380773] [go2_follow_mppi.local_costmap.local_costmap]: StaticLayer: Resizing static layer to 121 X 121 at 0.100000 m/pix
[INFO] [1791218034.152299216] [go2_follow_mppi.local_costmap.local_costmap]: StaticLayer: Resizing static layer to 121 X 121 at 0.100000 m/pix
[INFO] [1791218034.260377905] [go2_follow_mppi.controller_server]: Passing new path to controller.
[INFO] [1791218034.454044293] [go2_follow_mppi.local_costmap.local_costmap]: StaticLayer: Resizing static layer to 121 X 121 at 0.100000 m/pix
[INFO] [1791218034.552719582] [go2_follow_mppi.local_costmap.local_costmap]: StaticLayer: Resizing static layer to 121 X 121 at 0.100000 m/pix
[INFO] [1791218034.852389650] [go2_follow_mppi.local_costmap.local_costmap]: StaticLayer: Resizing static layer to 121 X 121 at 0.100000 m/pix
[INFO] [1791218034.928262666] [go2_follow_mppi.controller_server]: Passing new path to controller.
[INFO] [1791218035.052067787] [go2_follow_mppi.local_costmap.local_costmap]: StaticLayer: Resizing static layer to 121 X 121 at 0.100000 m/pix
[INFO] [1791218035.127262861] [go2_follow_mppi.controller_server]: Goal was canceled. Stopping the robot.
[INFO] [1791218035.127347037] [go2_follow_mppi.controller_server]: [follow_path] [ActionServer] Client requested to cancel the goal. Cancelling.
[INFO] [1791218035.152034355] [go2_follow_mppi.local_costmap.local_costmap]: StaticLayer: Resizing static layer to 121 X 121 at 0.100000 m/pix
[INFO] [1791218035.352733493] [go2_follow_mppi.local_costmap.local_costmap]: StaticLayer: Resizing static layer to 121 X 121 at 0.100000 m/pix
[INFO] [1791218035.592768253] [go2_follow_mppi.controller_server]: Received a goal, begin computing control effort.
[INFO] [1791218035.993036344] [go2_follow_mppi.controller_server]: Passing new path to controller.
[INFO] [1791218036.462744677] [go2_follow_mppi.controller_server]: Passing new path to controller.
[INFO] [1791218036.927473987] [go2_follow_mppi.controller_server]: Passing new path to controller.
[INFO] [1791218037.428131620] [go2_follow_mppi.controller_server]: Passing new path to controller.
[INFO] [1791218037.859904730] [go2_follow_mppi.controller_server]: Passing new path to controller.
[INFO] [1791218038.095295082] [go2_follow_mppi.controller_server]: Goal was canceled. Stopping the robot.
[INFO] [1791218038.095369673] [go2_follow_mppi.controller_server]: [follow_path] [ActionServer] Client requested to cancel the goal. Cancelling.
[INFO] [1791218038.152055264] [go2_follow_mppi.local_costmap.local_costmap]: StaticLayer: Resizing static layer to 121 X 121 at 0.100000 m/pix
[INFO] [1791218038.413988093] [go2_follow_mppi.controller_server]: Received a goal, begin computing control effort.
[INFO] [1791218038.417400410] [go2_follow_mppi.controller_server]: Reached the goal!
[INFO] [1791218038.444479064] [go2_follow_mppi.controller_server]: Received a goal, begin computing control effort.
[INFO] [1791218038.445239814] [go2_follow_mppi.controller_server]: Optimizer reset
[INFO] [1791218040.653775719] [go2_follow_mppi.local_costmap.local_costmap]: StaticLayer: Resizing static layer to 121 X 121 at 0.100000 m/pix
[INFO] [1791218042.512260221] [go2_follow_mppi.controller_server]: Goal was canceled. Stopping the robot.
[INFO] [1791218042.512323697] [go2_follow_mppi.controller_server]: [follow_path] [ActionServer] Client requested to cancel the goal. Cancelling.
[INFO] [1791218042.513726509] [go2_follow_mppi.controller_server]: Received a goal, begin computing control effort.
[INFO] [1791218042.514465799] [go2_follow_mppi.controller_server]: Optimizer reset
[INFO] [1791218042.982891603] [go2_follow_mppi.controller_server]: Passing new path to controller.
[INFO] [1791218043.152401302] [go2_follow_mppi.local_costmap.local_costmap]: StaticLayer: Resizing static layer to 121 X 121 at 0.100000 m/pix
[INFO] [1791218043.616008731] [go2_follow_mppi.controller_server]: Passing new path to controller.
[INFO] [1791218043.853209956] [go2_follow_mppi.local_costmap.local_costmap]: StaticLayer: Resizing static layer to 121 X 121 at 0.100000 m/pix
[INFO] [1791218044.052350563] [go2_follow_mppi.local_costmap.local_costmap]: StaticLayer: Resizing static layer to 121 X 121 at 0.100000 m/pix
[INFO] [1791218044.147449867] [go2_follow_mppi.controller_server]: Passing new path to controller.
[INFO] [1791218044.182922073] [go2_follow_mppi.controller_server]: Goal was canceled. Stopping the robot.
[INFO] [1791218044.183000453] [go2_follow_mppi.controller_server]: [follow_path] [ActionServer] Client requested to cancel the goal. Cancelling.
[INFO] [1791218044.228261145] [go2_follow_mppi.controller_server]: Received a goal, begin computing control effort.
[INFO] [1791218044.253074427] [go2_follow_mppi.local_costmap.local_costmap]: StaticLayer: Resizing static layer to 121 X 121 at 0.100000 m/pix
[INFO] [1791218044.452047009] [go2_follow_mppi.local_costmap.local_costmap]: StaticLayer: Resizing static layer to 121 X 121 at 0.100000 m/pix
[INFO] [1791218044.630518468] [go2_follow_mppi.controller_server]: Passing new path to controller.
[INFO] [1791218044.752131312] [go2_follow_mppi.local_costmap.local_costmap]: StaticLayer: Resizing static layer to 121 X 121 at 0.100000 m/pix
[INFO] [1791218044.930539515] [go2_follow_mppi.controller_server]: Passing new path to controller.
[INFO] [1791218045.152082767] [go2_follow_mppi.local_costmap.local_costmap]: StaticLayer: Resizing static layer to 121 X 121 at 0.100000 m/pix
[INFO] [1791218045.361946795] [go2_follow_mppi.controller_server]: Passing new path to controller.
[INFO] [1791218045.795702804] [go2_follow_mppi.controller_server]: Passing new path to controller.
[INFO] [1791218045.829814167] [go2_follow_mppi.controller_server]: Goal was canceled. Stopping the robot.
[INFO] [1791218045.829890669] [go2_follow_mppi.controller_server]: [follow_path] [ActionServer] Client requested to cancel the goal. Cancelling.
[INFO] [1791218045.855074833] [go2_follow_mppi.local_costmap.local_costmap]: StaticLayer: Resizing static layer to 121 X 121 at 0.100000 m/pix
[INFO] [1791218045.962363235] [go2_follow_mppi.controller_server]: Received a goal, begin computing control effort.
[INFO] [1791218045.998180815] [go2_follow_mppi.controller_server]: Goal was canceled. Stopping the robot.
[INFO] [1791218045.998248644] [go2_follow_mppi.controller_server]: [follow_path] [ActionServer] Client requested to cancel the goal. Cancelling.
[INFO] [1791218046.056059279] [go2_follow_mppi.local_costmap.local_costmap]: StaticLayer: Resizing static layer to 121 X 121 at 0.100000 m/pix
[INFO] [1791218046.109800762] [go2_follow_mppi.controller_server]: Received a goal, begin computing control effort.
[INFO] [1791218046.543952573] [go2_follow_mppi.controller_server]: Passing new path to controller.
[INFO] [1791218046.843618611] [go2_follow_mppi.controller_server]: Passing new path to controller.
[INFO] [1791218046.976697566] [go2_follow_mppi.controller_server]: Goal was canceled. Stopping the robot.
[INFO] [1791218046.976764038] [go2_follow_mppi.controller_server]: [follow_path] [ActionServer] Client requested to cancel the goal. Cancelling.
[INFO] [1791218047.052419520] [go2_follow_mppi.local_costmap.local_costmap]: StaticLayer: Resizing static layer to 121 X 121 at 0.100000 m/pix
[INFO] [1791218047.426793947] [go2_follow_mppi.controller_server]: Received a goal, begin computing control effort.
[INFO] [1791218047.894801387] [go2_follow_mppi.controller_server]: Passing new path to controller.
[INFO] [1791218048.360646844] [go2_follow_mppi.controller_server]: Passing new path to controller.
[INFO] [1791218048.552092811] [go2_follow_mppi.local_costmap.local_costmap]: StaticLayer: Resizing static layer to 121 X 121 at 0.100000 m/pix
[INFO] [1791218048.661670681] [go2_follow_mppi.controller_server]: Goal was canceled. Stopping the robot.
[INFO] [1791218048.661748637] [go2_follow_mppi.controller_server]: [follow_path] [ActionServer] Client requested to cancel the goal. Cancelling.
[INFO] [1791218048.752043391] [go2_follow_mppi.local_costmap.local_costmap]: StaticLayer: Resizing static layer to 121 X 121 at 0.100000 m/pix
[INFO] [1791218053.810837737] [go2_follow_mppi.controller_server]: Received a goal, begin computing control effort.
[INFO] [1791218053.811611208] [go2_follow_mppi.controller_server]: Optimizer reset
[INFO] [1791218053.945722305] [go2_follow_mppi.controller_server]: Goal was canceled. Stopping the robot.
[INFO] [1791218053.945804635] [go2_follow_mppi.controller_server]: [follow_path] [ActionServer] Client requested to cancel the goal. Cancelling.
[INFO] [1791218054.250276183] [go2_follow_mppi.controller_server]: Received a goal, begin computing control effort.
[INFO] [1791218054.784094799] [go2_follow_mppi.controller_server]: Passing new path to controller.
[INFO] [1791218055.217249643] [go2_follow_mppi.controller_server]: Passing new path to controller.
[INFO] [1791218055.253411590] [go2_follow_mppi.local_costmap.local_costmap]: StaticLayer: Resizing static layer to 121 X 121 at 0.100000 m/pix
[INFO] [1791218055.284768918] [go2_follow_mppi.controller_server]: Goal was canceled. Stopping the robot.
[INFO] [1791218055.284845680] [go2_follow_mppi.controller_server]: [follow_path] [ActionServer] Client requested to cancel the goal. Cancelling.
[INFO] [1791218055.353065232] [go2_follow_mppi.local_costmap.local_costmap]: StaticLayer: Resizing static layer to 121 X 121 at 0.100000 m/pix
[INFO] [1791218055.943777082] [go2_follow_mppi.controller_server]: Received a goal, begin computing control effort.
[INFO] [1791218056.278378609] [go2_follow_mppi.controller_server]: Passing new path to controller.
[INFO] [1791218056.478065755] [go2_follow_mppi.controller_server]: Goal was canceled. Stopping the robot.
[INFO] [1791218056.478136286] [go2_follow_mppi.controller_server]: [follow_path] [ActionServer] Client requested to cancel the goal. Cancelling.
[INFO] [1791218057.235159080] [go2_follow_mppi.controller_server]: Received a goal, begin computing control effort.
[INFO] [1791218057.835640937] [go2_follow_mppi.controller_server]: Passing new path to controller.
[INFO] [1791218058.269416255] [go2_follow_mppi.controller_server]: Passing new path to controller.
[INFO] [1791218058.736464242] [go2_follow_mppi.controller_server]: Passing new path to controller.
[INFO] [1791218059.102157150] [go2_follow_mppi.controller_server]: Passing new path to controller.
[INFO] [1791218059.502838955] [go2_follow_mppi.controller_server]: Passing new path to controller.
[INFO] [1791218059.969891780] [go2_follow_mppi.controller_server]: Passing new path to controller.
[INFO] [1791218060.436034393] [go2_follow_mppi.controller_server]: Passing new path to controller.
[INFO] [1791218060.802852692] [go2_follow_mppi.controller_server]: Passing new path to controller.
[INFO] [1791218061.268750052] [go2_follow_mppi.controller_server]: Passing new path to controller.
[INFO] [1791218061.735617817] [go2_follow_mppi.controller_server]: Passing new path to controller.
[INFO] [1791218062.102167627] [go2_follow_mppi.controller_server]: Passing new path to controller.
[INFO] [1791218062.670120786] [go2_follow_mppi.controller_server]: Passing new path to controller.
[INFO] [1791218063.035564274] [go2_follow_mppi.controller_server]: Passing new path to controller.
[INFO] [1791218061.149458773] [go2_follow_mppi.controller_server]: Passing new path to controller.
[INFO] [1791218061.683560854] [go2_follow_mppi.controller_server]: Passing new path to controller.
[INFO] [1791218061.870850383] [go2_follow_mppi.local_costmap.local_costmap]: StaticLayer: Resizing static layer to 121 X 121 at 0.100000 m/pix
[INFO] [1791218061.884678885] [go2_follow_mppi.controller_server]: Goal was canceled. Stopping the robot.
[INFO] [1791218061.884878598] [go2_follow_mppi.controller_server]: [follow_path] [ActionServer] Client requested to cancel the goal. Cancelling.
[INFO] [1791218062.094940319] [go2_follow_mppi.controller_server]: Received a goal, begin computing control effort.
[INFO] [1791218062.165991167] [go2_follow_mppi.local_costmap.local_costmap]: StaticLayer: Resizing static layer to 121 X 121 at 0.100000 m/pix
[INFO] [1791218062.195210223] [go2_follow_mppi.controller_server]: Goal was canceled. Stopping the robot.
[INFO] [1791218062.195294596] [go2_follow_mppi.controller_server]: [follow_path] [ActionServer] Client requested to cancel the goal. Cancelling.
[INFO] [1791218062.400581362] [go2_follow_mppi.controller_server]: Received a goal, begin computing control effort.
[INFO] [1791218062.834571491] [go2_follow_mppi.controller_server]: Passing new path to controller.
[INFO] [1791218063.400934287] [go2_follow_mppi.controller_server]: Passing new path to controller.
[INFO] [1791218063.867260334] [go2_follow_mppi.local_costmap.local_costmap]: StaticLayer: Resizing static layer to 121 X 121 at 0.100000 m/pix
[INFO] [1791218063.868878856] [go2_follow_mppi.controller_server]: Passing new path to controller.
[INFO] [1791218064.065635745] [go2_follow_mppi.local_costmap.local_costmap]: StaticLayer: Resizing static layer to 121 X 121 at 0.100000 m/pix
[INFO] [1791218064.665651353] [go2_follow_mppi.local_costmap.local_costmap]: StaticLayer: Resizing static layer to 121 X 121 at 0.100000 m/pix
[INFO] [1791218065.534098058] [go2_follow_mppi.controller_server]: Goal was canceled. Stopping the robot.
[INFO] [1791218065.534171233] [go2_follow_mppi.controller_server]: [follow_path] [ActionServer] Client requested to cancel the goal. Cancelling.
[INFO] [1791218065.628229816] [go2_follow_mppi.controller_server]: Received a goal, begin computing control effort.
[INFO] [1791218065.961928604] [go2_follow_mppi.controller_server]: Goal was canceled. Stopping the robot.
[INFO] [1791218065.962085678] [go2_follow_mppi.controller_server]: [follow_path] [ActionServer] Client requested to cancel the goal. Cancelling.
[INFO] [1791218068.094509910] [go2_follow_mppi.controller_server]: Received a goal, begin computing control effort.
[INFO] [1791218068.095597727] [go2_follow_mppi.controller_server]: Optimizer reset
[INFO] [1791218068.561589248] [go2_follow_mppi.controller_server]: Passing new path to controller.
[INFO] [1791218068.928414037] [go2_follow_mppi.controller_server]: Passing new path to controller.
[INFO] [1791218069.261944182] [go2_follow_mppi.controller_server]: Goal was canceled. Stopping the robot.
[INFO] [1791218069.262016635] [go2_follow_mppi.controller_server]: [follow_path] [ActionServer] Client requested to cancel the goal. Cancelling.
[INFO] [1791218069.265482920] [go2_follow_mppi.local_costmap.local_costmap]: StaticLayer: Resizing static layer to 121 X 121 at 0.100000 m/pix
[INFO] [1791218069.438552993] [go2_follow_mppi.controller_server]: Received a goal, begin computing control effort.
[INFO] [1791218069.567467015] [go2_follow_mppi.local_costmap.local_costmap]: StaticLayer: Resizing static layer to 121 X 121 at 0.100000 m/pix
[INFO] [1791218069.838816270] [go2_follow_mppi.controller_server]: Passing new path to controller.
[INFO] [1791218070.138819474] [go2_follow_mppi.controller_server]: Goal was canceled. Stopping the robot.
[INFO] [1791218070.138901551] [go2_follow_mppi.controller_server]: [follow_path] [ActionServer] Client requested to cancel the goal. Cancelling.
[INFO] [1791218070.177143807] [go2_follow_mppi.controller_server]: Received a goal, begin computing control effort.
[INFO] [1791218070.711705004] [go2_follow_mppi.controller_server]: Passing new path to controller.
[INFO] [1791218071.111227542] [go2_follow_mppi.controller_server]: Passing new path to controller.
[INFO] [1791218071.145099762] [go2_follow_mppi.controller_server]: Goal was canceled. Stopping the robot.
[INFO] [1791218071.145175572] [go2_follow_mppi.controller_server]: [follow_path] [ActionServer] Client requested to cancel the goal. Cancelling.
[INFO] [1791218071.165625171] [go2_follow_mppi.local_costmap.local_costmap]: StaticLayer: Resizing static layer to 121 X 121 at 0.100000 m/pix
[INFO] [1791218071.240457592] [go2_follow_mppi.controller_server]: Received a goal, begin computing control effort.
[INFO] [1791218071.708579300] [go2_follow_mppi.controller_server]: Passing new path to controller.
[INFO] [1791218071.808581989] [go2_follow_mppi.controller_server]: Goal was canceled. Stopping the robot.
[INFO] [1791218071.808661428] [go2_follow_mppi.controller_server]: [follow_path] [ActionServer] Client requested to cancel the goal. Cancelling.
[INFO] [1791218071.994487514] [go2_follow_mppi.controller_server]: Received a goal, begin computing control effort.
[INFO] [1791218072.394952377] [go2_follow_mppi.controller_server]: Passing new path to controller.
[INFO] [1791218072.695937918] [go2_follow_mppi.controller_server]: Goal was canceled. Stopping the robot.
[INFO] [1791218072.696020954] [go2_follow_mppi.controller_server]: [follow_path] [ActionServer] Client requested to cancel the goal. Cancelling.
[INFO] [1791218072.810312288] [go2_follow_mppi.controller_server]: Received a goal, begin computing control effort.
[INFO] [1791218073.211058079] [go2_follow_mppi.controller_server]: Passing new path to controller.
[INFO] [1791218073.677482706] [go2_follow_mppi.controller_server]: Passing new path to controller.
[INFO] [1791218074.077303673] [go2_follow_mppi.controller_server]: Passing new path to controller.
[INFO] [1791218074.577429580] [go2_follow_mppi.controller_server]: Passing new path to controller.
[INFO] [1791218075.077423421] [go2_follow_mppi.controller_server]: Passing new path to controller.
[INFO] [1791218075.477451890] [go2_follow_mppi.controller_server]: Passing new path to controller.
[INFO] [1791218075.810547053] [go2_follow_mppi.controller_server]: Passing new path to controller.
[INFO] [1791218076.277450979] [go2_follow_mppi.controller_server]: Passing new path to controller.
[INFO] [1791218076.646002288] [go2_follow_mppi.controller_server]: Passing new path to controller.
[INFO] [1791218076.977455305] [go2_follow_mppi.controller_server]: Goal was canceled. Stopping the robot.
[INFO] [1791218076.977533315] [go2_follow_mppi.controller_server]: [follow_path] [ActionServer] Client requested to cancel the goal. Cancelling.
[INFO] [1791218077.120008290] [go2_follow_mppi.controller_server]: Received a goal, begin computing control effort.
[INFO] [1791218077.320457164] [go2_follow_mppi.controller_server]: Goal was canceled. Stopping the robot.
[INFO] [1791218077.320540037] [go2_follow_mppi.controller_server]: [follow_path] [ActionServer] Client requested to cancel the goal. Cancelling.
[INFO] [1791218077.772069453] [go2_follow_mppi.controller_server]: Received a goal, begin computing control effort.
[INFO] [1791218078.205964913] [go2_follow_mppi.controller_server]: Passing new path to controller.
[INFO] [1791218078.705971954] [go2_follow_mppi.controller_server]: Passing new path to controller.
[INFO] [1791218079.106910133] [go2_follow_mppi.controller_server]: Passing new path to controller.
[INFO] [1791218079.639022132] [go2_follow_mppi.controller_server]: Passing new path to controller.
[INFO] [1791218079.977898361] [go2_follow_mppi.controller_server]: Passing new path to controller.
[INFO] [1791218082.272275673] [go2_follow_mppi.controller_server]: Goal was canceled. Stopping the robot.
[INFO] [1791218082.272337092] [go2_follow_mppi.controller_server]: [follow_path] [ActionServer] Client requested to cancel the goal. Cancelling.
[INFO] [1791218082.627504372] [go2_follow_mppi.controller_server]: Received a goal, begin computing control effort.
[INFO] [1791218083.469387296] [go2_follow_mppi.local_costmap.local_costmap]: StaticLayer: Resizing static layer to 121 X 121 at 0.100000 m/pix
[INFO] [1791218083.894603655] [go2_follow_mppi.controller_server]: Passing new path to controller.
[INFO] [1791218084.261969200] [go2_follow_mppi.controller_server]: Passing new path to controller.
[INFO] [1791218084.694380029] [go2_follow_mppi.controller_server]: Passing new path to controller.
[INFO] [1791218085.094934461] [go2_follow_mppi.controller_server]: Passing new path to controller.
[INFO] [1791218085.494624518] [go2_follow_mppi.controller_server]: Passing new path to controller.
[INFO] [1791218085.565609502] [go2_follow_mppi.local_costmap.local_costmap]: StaticLayer: Resizing static layer to 121 X 121 at 0.100000 m/pix
[INFO] [1791218085.765600360] [go2_follow_mppi.local_costmap.local_costmap]: StaticLayer: Resizing static layer to 121 X 121 at 0.100000 m/pix
[INFO] [1791218085.865803342] [go2_follow_mppi.local_costmap.local_costmap]: StaticLayer: Resizing static layer to 121 X 121 at 0.100000 m/pix
[INFO] [1791218085.894781306] [go2_follow_mppi.controller_server]: Passing new path to controller.
[INFO] [1791218086.265665161] [go2_follow_mppi.local_costmap.local_costmap]: StaticLayer: Resizing static layer to 121 X 121 at 0.100000 m/pix
[INFO] [1791218086.394389917] [go2_follow_mppi.controller_server]: Passing new path to controller.
[INFO] [1791218086.665508076] [go2_follow_mppi.local_costmap.local_costmap]: StaticLayer: Resizing static layer to 121 X 121 at 0.100000 m/pix
[INFO] [1791218086.761179065] [go2_follow_mppi.controller_server]: Passing new path to controller.
[INFO] [1791218086.965596244] [go2_follow_mppi.local_costmap.local_costmap]: StaticLayer: Resizing static layer to 121 X 121 at 0.100000 m/pix
[INFO] [1791218087.166170382] [go2_follow_mppi.local_costmap.local_costmap]: StaticLayer: Resizing static layer to 121 X 121 at 0.100000 m/pix
[INFO] [1791218087.261446140] [go2_follow_mppi.controller_server]: Passing new path to controller.
[INFO] [1791218087.565510073] [go2_follow_mppi.local_costmap.local_costmap]: StaticLayer: Resizing static layer to 121 X 121 at 0.100000 m/pix
[INFO] [1791218087.728808208] [go2_follow_mppi.controller_server]: Passing new path to controller.
[INFO] [1791218087.965612072] [go2_follow_mppi.local_costmap.local_costmap]: StaticLayer: Resizing static layer to 121 X 121 at 0.100000 m/pix
[INFO] [1791218088.065686604] [go2_follow_mppi.local_costmap.local_costmap]: StaticLayer: Resizing static layer to 121 X 121 at 0.100000 m/pix
[INFO] [1791218088.266394038] [go2_follow_mppi.local_costmap.local_costmap]: StaticLayer: Resizing static layer to 121 X 121 at 0.100000 m/pix
[INFO] [1791218088.330667675] [go2_follow_mppi.controller_server]: Reached the goal!
[INFO] [1791218088.665622603] [go2_follow_mppi.local_costmap.local_costmap]: StaticLayer: Resizing static layer to 121 X 121 at 0.100000 m/pix
[INFO] [1791218088.726614890] [go2_follow_mppi.controller_server]: Received a goal, begin computing control effort.
[INFO] [1791218088.860236551] [go2_follow_mppi.controller_server]: Goal was canceled. Stopping the robot.
[INFO] [1791218088.860289905] [go2_follow_mppi.controller_server]: [follow_path] [ActionServer] Client requested to cancel the goal. Cancelling.
[INFO] [1791218088.994734882] [go2_follow_mppi.controller_server]: Received a goal, begin computing control effort.
[INFO] [1791218091.095324723] [go2_follow_mppi.controller_server]: Passing new path to controller.
[INFO] [1791218091.265615567] [go2_follow_mppi.local_costmap.local_costmap]: StaticLayer: Resizing static layer to 121 X 121 at 0.100000 m/pix
[INFO] [1791218091.528735920] [go2_follow_mppi.controller_server]: Passing new path to controller.
[INFO] [1791218091.895328988] [go2_follow_mppi.controller_server]: Goal was canceled. Stopping the robot.
[INFO] [1791218091.895395200] [go2_follow_mppi.controller_server]: [follow_path] [ActionServer] Client requested to cancel the goal. Cancelling.
[INFO] [1791218092.000548817] [go2_follow_mppi.controller_server]: Received a goal, begin computing control effort.
[INFO] [1791218092.335344745] [go2_follow_mppi.controller_server]: Passing new path to controller.
[INFO] [1791218092.801921837] [go2_follow_mppi.controller_server]: Passing new path to controller.
[INFO] [1791218093.167504882] [go2_follow_mppi.controller_server]: Passing new path to controller.
[INFO] [1791218091.959868917] [go2_follow_mppi.controller_server]: Passing new path to controller.
[INFO] [1791218092.360028535] [go2_follow_mppi.controller_server]: Passing new path to controller.
[INFO] [1791218092.524597042] [go2_follow_mppi.local_costmap.local_costmap]: StaticLayer: Resizing static layer to 121 X 121 at 0.100000 m/pix
[INFO] [1791218092.893602775] [go2_follow_mppi.controller_server]: Passing new path to controller.
[INFO] [1791218093.030295864] [go2_follow_mppi.local_costmap.local_costmap]: StaticLayer: Resizing static layer to 121 X 121 at 0.100000 m/pix
[INFO] [1791218093.393421472] [go2_follow_mppi.controller_server]: Passing new path to controller.
[INFO] [1791218093.424558207] [go2_follow_mppi.local_costmap.local_costmap]: StaticLayer: Resizing static layer to 121 X 121 at 0.100000 m/pix
[INFO] [1791218093.624562551] [go2_follow_mppi.local_costmap.local_costmap]: StaticLayer: Resizing static layer to 121 X 121 at 0.100000 m/pix
[INFO] [1791218093.793240559] [go2_follow_mppi.controller_server]: Passing new path to controller.
[INFO] [1791218094.024589261] [go2_follow_mppi.local_costmap.local_costmap]: StaticLayer: Resizing static layer to 121 X 121 at 0.100000 m/pix
[INFO] [1791218094.224588333] [go2_follow_mppi.local_costmap.local_costmap]: StaticLayer: Resizing static layer to 121 X 121 at 0.100000 m/pix
[INFO] [1791218094.327525272] [go2_follow_mppi.controller_server]: Passing new path to controller.
[INFO] [1791218094.424551778] [go2_follow_mppi.local_costmap.local_costmap]: StaticLayer: Resizing static layer to 121 X 121 at 0.100000 m/pix
[INFO] [1791218094.624552670] [go2_follow_mppi.local_costmap.local_costmap]: StaticLayer: Resizing static layer to 121 X 121 at 0.100000 m/pix
[INFO] [1791218094.760715648] [go2_follow_mppi.controller_server]: Passing new path to controller.
[INFO] [1791218094.926134554] [go2_follow_mppi.local_costmap.local_costmap]: StaticLayer: Resizing static layer to 121 X 121 at 0.100000 m/pix
[INFO] [1791218095.093078711] [go2_follow_mppi.controller_server]: Goal was canceled. Stopping the robot.
[INFO] [1791218095.093166869] [go2_follow_mppi.controller_server]: [follow_path] [ActionServer] Client requested to cancel the goal. Cancelling.
[INFO] [1791218095.125078428] [go2_follow_mppi.local_costmap.local_costmap]: StaticLayer: Resizing static layer to 121 X 121 at 0.100000 m/pix
[INFO] [1791218095.225772816] [go2_follow_mppi.local_costmap.local_costmap]: StaticLayer: Resizing static layer to 121 X 121 at 0.100000 m/pix
[INFO] [1791218095.241748575] [go2_follow_mppi.controller_server]: Received a goal, begin computing control effort.
[INFO] [1791218095.575427057] [go2_follow_mppi.controller_server]: Passing new path to controller.
[INFO] [1791218096.224709527] [go2_follow_mppi.local_costmap.local_costmap]: StaticLayer: Resizing static layer to 121 X 121 at 0.100000 m/pix
[INFO] [1791218096.241988648] [go2_follow_mppi.controller_server]: Goal was canceled. Stopping the robot.
[INFO] [1791218096.242056512] [go2_follow_mppi.controller_server]: [follow_path] [ActionServer] Client requested to cancel the goal. Cancelling.
[INFO] [1791218096.767121105] [go2_follow_mppi.controller_server]: Received a goal, begin computing control effort.
[INFO] [1791218097.868109024] [go2_follow_mppi.controller_server]: Goal was canceled. Stopping the robot.
[INFO] [1791218097.868190243] [go2_follow_mppi.controller_server]: [follow_path] [ActionServer] Client requested to cancel the goal. Cancelling.
[INFO] [1791218098.040849254] [go2_follow_mppi.controller_server]: Received a goal, begin computing control effort.
[INFO] [1791218098.708855056] [go2_follow_mppi.controller_server]: Goal was canceled. Stopping the robot.
[INFO] [1791218098.708978599] [go2_follow_mppi.controller_server]: [follow_path] [ActionServer] Client requested to cancel the goal. Cancelling.
[INFO] [1791218098.741055643] [go2_follow_mppi.controller_server]: Received a goal, begin computing control effort.
[INFO] [1791218098.824725074] [go2_follow_mppi.local_costmap.local_costmap]: StaticLayer: Resizing static layer to 121 X 121 at 0.100000 m/pix
[INFO] [1791218102.441252798] [go2_follow_mppi.controller_server]: Passing new path to controller.
[INFO] [1791218102.841275441] [go2_follow_mppi.controller_server]: Passing new path to controller.
[INFO] [1791218103.441586499] [go2_follow_mppi.controller_server]: Passing new path to controller.
[INFO] [1791218104.241251146] [go2_follow_mppi.controller_server]: Passing new path to controller.
[INFO] [1791218104.676924135] [go2_follow_mppi.controller_server]: Passing new path to controller.
[INFO] [1791218106.707965133] [go2_follow_mppi.controller_server]: Goal was canceled. Stopping the robot.
[INFO] [1791218106.708049843] [go2_follow_mppi.controller_server]: [follow_path] [ActionServer] Client requested to cancel the goal. Cancelling.
[INFO] [1791218108.865763495] [go2_follow_mppi.controller_server]: Received a goal, begin computing control effort.
[INFO] [1791218108.866689870] [go2_follow_mppi.controller_server]: Optimizer reset
[INFO] [1791218109.366318521] [go2_follow_mppi.controller_server]: Passing new path to controller.
[INFO] [1791218109.799545366] [go2_follow_mppi.controller_server]: Passing new path to controller.
[INFO] [1791218110.099388426] [go2_follow_mppi.controller_server]: Passing new path to controller.
[INFO] [1791218110.533107003] [go2_follow_mppi.controller_server]: Passing new path to controller.
[INFO] [1791218110.566163338] [go2_follow_mppi.controller_server]: Goal was canceled. Stopping the robot.
[INFO] [1791218110.566225330] [go2_follow_mppi.controller_server]: [follow_path] [ActionServer] Client requested to cancel the goal. Cancelling.
[INFO] [1791218112.150412506] [rclcpp]: signal_handler(SIGINT/SIGTERM)
[INFO] [1791218112.150543181] [go2_follow_mppi.controller_server]: Running Nav2 LifecycleNode rcl preshutdown (controller_server)
[INFO] [1791218112.150636300] [go2_follow_mppi.controller_server]: Deactivating
[INFO] [1791218112.150722474] [MPPIController]: Deactivated MPPI Controller: Observe
[INFO] [1791218112.150731810] [MPPIController]: Deactivated MPPI Controller: FollowPath
[INFO] [1791218112.150747419] [go2_follow_mppi.local_costmap.local_costmap]: Deactivating
[INFO] [1791218112.225335825] [go2_follow_mppi.controller_server]: Destroying bond (controller_server) to lifecycle manager.
[INFO] [1791218112.235765531] [go2_follow_mppi.controller_server]: Cleaning up
[INFO] [1791218112.235864142] [MPPIController]: Cleaned up MPPI Controller: Observe
[INFO] [1791218112.235887491] [MPPIController]: Cleaned up MPPI Controller: FollowPath
[INFO] [1791218112.236093773] [go2_follow_mppi.local_costmap.local_costmap]: Cleaning up
[INFO] [1791218112.260997094] [go2_follow_mppi.controller_server]: Destroying bond (controller_server) to lifecycle manager.
[INFO] [1791218112.272140932] [go2_follow_mppi.local_costmap.local_costmap]: Destroying
[INFO] [1791218112.294073370] [go2_follow_mppi.controller_server]: Destroying
